Archive member included to satisfy reference by file (symbol)

/usr/local/Cellar/avr-gcc/8.3.0/lib/avr-gcc/8/gcc/avr/8.3.0/avr5/libgcc.a(_udivmodhi4.o)
                              .build/obj_ergodox_ez_default/quantum/debounce/eager_pr.o (__udivmodhi4)
/usr/local/Cellar/avr-gcc/8.3.0/lib/avr-gcc/8/gcc/avr/8.3.0/avr5/libgcc.a(_divmodhi4.o)
                              .build/obj_ergodox_ez_default/quantum/rgblight.o (__divmodhi4)
/usr/local/Cellar/avr-gcc/8.3.0/lib/avr-gcc/8/gcc/avr/8.3.0/avr5/libgcc.a(_exit.o)
                              /usr/local/Cellar/avr-gcc/8.3.0/lib/avr-gcc/8/gcc/avr/8.3.0/../../../../../../avr/lib/avr5/crtatmega32u4.o (exit)
/usr/local/Cellar/avr-gcc/8.3.0/lib/avr-gcc/8/gcc/avr/8.3.0/avr5/libgcc.a(_tablejump2.o)
                              .build/obj_ergodox_ez_default/keyboards/ergodox_ez/keymaps/default/keymap.o (__tablejump2__)
/usr/local/Cellar/avr-gcc/8.3.0/lib/avr-gcc/8/gcc/avr/8.3.0/avr5/libgcc.a(_copy_data.o)
                              .build/obj_ergodox_ez_default/keyboards/ergodox_ez/ergodox_ez.o (__do_copy_data)
/usr/local/Cellar/avr-gcc/8.3.0/lib/avr-gcc/8/gcc/avr/8.3.0/avr5/libgcc.a(_clear_bss.o)
                              .build/obj_ergodox_ez_default/matrix.o (__do_clear_bss)
/usr/local/Cellar/avr-gcc/8.3.0/lib/avr-gcc/8/gcc/avr/8.3.0/../../../../../../avr/lib/avr5/libc.a(malloc.o)
                              .build/obj_ergodox_ez_default/quantum/debounce/eager_pr.o (malloc)
/usr/local/Cellar/avr-gcc/8.3.0/lib/avr-gcc/8/gcc/avr/8.3.0/../../../../../../avr/lib/avr5/libc.a(tolower.o)
                              .build/obj_ergodox_ez_default/quantum/process_keycode/process_unicode_common.o (tolower)
/usr/local/Cellar/avr-gcc/8.3.0/lib/avr-gcc/8/gcc/avr/8.3.0/../../../../../../avr/lib/avr5/libc.a(memchr.o)
                              .build/obj_ergodox_ez_default/quantum/rgblight.o (memchr)
/usr/local/Cellar/avr-gcc/8.3.0/lib/avr-gcc/8/gcc/avr/8.3.0/../../../../../../avr/lib/avr5/libc.a(memmove.o)
                              .build/obj_ergodox_ez_default/lib/lufa/LUFA/Drivers/USB/Class/Common/HIDParser.o (memmove)
/usr/local/Cellar/avr-gcc/8.3.0/lib/avr-gcc/8/gcc/avr/8.3.0/../../../../../../avr/lib/avr5/libc.a(strcspn.o)
                              .build/obj_ergodox_ez_default/quantum/process_keycode/process_unicode_common.o (strcspn)
/usr/local/Cellar/avr-gcc/8.3.0/lib/avr-gcc/8/gcc/avr/8.3.0/../../../../../../avr/lib/avr5/libc.a(strncpy.o)
                              .build/obj_ergodox_ez_default/quantum/process_keycode/process_unicode_common.o (strncpy)
/usr/local/Cellar/avr-gcc/8.3.0/lib/avr-gcc/8/gcc/avr/8.3.0/../../../../../../avr/lib/avr5/libc.a(memcpy.o)
                              /usr/local/Cellar/avr-gcc/8.3.0/lib/avr-gcc/8/gcc/avr/8.3.0/../../../../../../avr/lib/avr5/libc.a(memmove.o) (memcpy)
/usr/local/Cellar/avr-gcc/8.3.0/lib/avr-gcc/8/gcc/avr/8.3.0/../../../../../../avr/lib/avr5/libatmega32u4.a(eerd_byte.o)
                              .build/obj_ergodox_ez_default/quantum/process_keycode/process_unicode_common.o (eeprom_read_byte)
/usr/local/Cellar/avr-gcc/8.3.0/lib/avr-gcc/8/gcc/avr/8.3.0/../../../../../../avr/lib/avr5/libatmega32u4.a(eerd_dword.o)
                              .build/obj_ergodox_ez_default/quantum/rgblight.o (eeprom_read_dword)
/usr/local/Cellar/avr-gcc/8.3.0/lib/avr-gcc/8/gcc/avr/8.3.0/../../../../../../avr/lib/avr5/libatmega32u4.a(eerd_word.o)
                              .build/obj_ergodox_ez_default/common/eeconfig.o (eeprom_read_word)
/usr/local/Cellar/avr-gcc/8.3.0/lib/avr-gcc/8/gcc/avr/8.3.0/../../../../../../avr/lib/avr5/libatmega32u4.a(eeupd_byte.o)
                              .build/obj_ergodox_ez_default/quantum/process_keycode/process_unicode_common.o (eeprom_update_byte)
/usr/local/Cellar/avr-gcc/8.3.0/lib/avr-gcc/8/gcc/avr/8.3.0/../../../../../../avr/lib/avr5/libatmega32u4.a(eeupd_dword.o)
                              .build/obj_ergodox_ez_default/quantum/rgblight.o (eeprom_update_dword)
/usr/local/Cellar/avr-gcc/8.3.0/lib/avr-gcc/8/gcc/avr/8.3.0/../../../../../../avr/lib/avr5/libatmega32u4.a(eeupd_word.o)
                              .build/obj_ergodox_ez_default/common/eeconfig.o (eeprom_update_word)
/usr/local/Cellar/avr-gcc/8.3.0/lib/avr-gcc/8/gcc/avr/8.3.0/../../../../../../avr/lib/avr5/libatmega32u4.a(eerd_block.o)
                              /usr/local/Cellar/avr-gcc/8.3.0/lib/avr-gcc/8/gcc/avr/8.3.0/../../../../../../avr/lib/avr5/libatmega32u4.a(eerd_dword.o) (eeprom_read_blraw)

Allocating common symbols
Common symbol       size              file

rgblight_config     0x5               .build/obj_ergodox_ez_default/quantum/rgblight.o
USB_IsInitialized   0x1               .build/obj_ergodox_ez_default/lib/lufa/LUFA/Drivers/USB/Core/USBTask.o
keymap_config       0x2               .build/obj_ergodox_ez_default/common/magic.o
unicode_config      0x4               .build/obj_ergodox_ez_default/quantum/process_keycode/process_unicode_common.o
[...]
Memory Configuration

Name             Origin             Length             Attributes
text             0x0000000000000000 0x0000000000020000 xr
data             0x0000000000800060 0x000000000000ffa0 rw !x
eeprom           0x0000000000810000 0x0000000000010000 rw !x
fuse             0x0000000000820000 0x0000000000000400 rw !x
lock             0x0000000000830000 0x0000000000000400 rw !x
signature        0x0000000000840000 0x0000000000000400 rw !x
user_signatures  0x0000000000850000 0x0000000000000400 rw !x
*default*        0x0000000000000000 0xffffffffffffffff

Linker script and memory map

Address of section .data set to 0x800100
LOAD /usr/local/Cellar/avr-gcc/8.3.0/lib/avr-gcc/8/gcc/avr/8.3.0/../../../../../../avr/lib/avr5/crtatmega32u4.o
LOAD .build/obj_ergodox_ez_default/matrix.o
LOAD .build/obj_ergodox_ez_default/i2c_master.o
LOAD .build/obj_ergodox_ez_default/keyboards/ergodox_ez/ergodox_ez.o
LOAD .build/obj_ergodox_ez_default/keyboards/ergodox_ez/keymaps/default/keymap.o
LOAD .build/obj_ergodox_ez_default/quantum/quantum.o
LOAD .build/obj_ergodox_ez_default/quantum/keymap_common.o
LOAD .build/obj_ergodox_ez_default/quantum/keycode_config.o
LOAD .build/obj_ergodox_ez_default/quantum/debounce/eager_pr.o
LOAD .build/obj_ergodox_ez_default/quantum/process_keycode/process_unicode.o
LOAD .build/obj_ergodox_ez_default/quantum/process_keycode/process_unicode_common.o
LOAD .build/obj_ergodox_ez_default/quantum/color.o
LOAD .build/obj_ergodox_ez_default/quantum/rgblight.o
LOAD .build/obj_ergodox_ez_default/ws2812.o
LOAD .build/obj_ergodox_ez_default/quantum/led_tables.o
LOAD .build/obj_ergodox_ez_default/quantum/process_keycode/process_space_cadet.o
LOAD .build/obj_ergodox_ez_default/common/host.o
LOAD .build/obj_ergodox_ez_default/common/keyboard.o
LOAD .build/obj_ergodox_ez_default/common/action.o
LOAD .build/obj_ergodox_ez_default/common/action_tapping.o
LOAD .build/obj_ergodox_ez_default/common/action_macro.o
LOAD .build/obj_ergodox_ez_default/common/action_layer.o
LOAD .build/obj_ergodox_ez_default/common/action_util.o
LOAD .build/obj_ergodox_ez_default/common/print.o
LOAD .build/obj_ergodox_ez_default/common/debug.o
LOAD .build/obj_ergodox_ez_default/common/util.o
LOAD .build/obj_ergodox_ez_default/common/eeconfig.o
LOAD .build/obj_ergodox_ez_default/common/report.o
LOAD .build/obj_ergodox_ez_default/common/avr/suspend.o
LOAD .build/obj_ergodox_ez_default/common/avr/timer.o
LOAD .build/obj_ergodox_ez_default/common/avr/bootloader.o
LOAD .build/obj_ergodox_ez_default/common/avr/xprintf.o
LOAD .build/obj_ergodox_ez_default/common/magic.o
LOAD .build/obj_ergodox_ez_default/common/mousekey.o
LOAD .build/obj_ergodox_ez_default/common/command.o
LOAD .build/obj_ergodox_ez_default/lufa.o
LOAD .build/obj_ergodox_ez_default/usb_descriptor.o
LOAD .build/obj_ergodox_ez_default/outputselect.o
LOAD .build/obj_ergodox_ez_default/lib/lufa/LUFA/Drivers/USB/Class/Common/HIDParser.o
LOAD .build/obj_ergodox_ez_default/lib/lufa/LUFA/Drivers/USB/Core/AVR8/Device_AVR8.o
LOAD .build/obj_ergodox_ez_default/lib/lufa/LUFA/Drivers/USB/Core/AVR8/EndpointStream_AVR8.o
LOAD .build/obj_ergodox_ez_default/lib/lufa/LUFA/Drivers/USB/Core/AVR8/Endpoint_AVR8.o
LOAD .build/obj_ergodox_ez_default/lib/lufa/LUFA/Drivers/USB/Core/AVR8/Host_AVR8.o
LOAD .build/obj_ergodox_ez_default/lib/lufa/LUFA/Drivers/USB/Core/AVR8/PipeStream_AVR8.o
LOAD .build/obj_ergodox_ez_default/lib/lufa/LUFA/Drivers/USB/Core/AVR8/Pipe_AVR8.o
LOAD .build/obj_ergodox_ez_default/lib/lufa/LUFA/Drivers/USB/Core/AVR8/USBController_AVR8.o
LOAD .build/obj_ergodox_ez_default/lib/lufa/LUFA/Drivers/USB/Core/AVR8/USBInterrupt_AVR8.o
LOAD .build/obj_ergodox_ez_default/lib/lufa/LUFA/Drivers/USB/Core/ConfigDescriptors.o
LOAD .build/obj_ergodox_ez_default/lib/lufa/LUFA/Drivers/USB/Core/DeviceStandardReq.o
LOAD .build/obj_ergodox_ez_default/lib/lufa/LUFA/Drivers/USB/Core/Events.o
LOAD .build/obj_ergodox_ez_default/lib/lufa/LUFA/Drivers/USB/Core/HostStandardReq.o
LOAD .build/obj_ergodox_ez_default/lib/lufa/LUFA/Drivers/USB/Core/USBTask.o
LOAD /usr/local/Cellar/avr-gcc/8.3.0/lib/avr-gcc/8/gcc/avr/8.3.0/../../../../../../avr/lib/avr5/libm.a
START GROUP
LOAD /usr/local/Cellar/avr-gcc/8.3.0/lib/avr-gcc/8/gcc/avr/8.3.0/avr5/libgcc.a
LOAD /usr/local/Cellar/avr-gcc/8.3.0/lib/avr-gcc/8/gcc/avr/8.3.0/../../../../../../avr/lib/avr5/libm.a
LOAD /usr/local/Cellar/avr-gcc/8.3.0/lib/avr-gcc/8/gcc/avr/8.3.0/../../../../../../avr/lib/avr5/libc.a
LOAD /usr/local/Cellar/avr-gcc/8.3.0/lib/avr-gcc/8/gcc/avr/8.3.0/../../../../../../avr/lib/avr5/libatmega32u4.a
END GROUP
                0x0000000000020000                __TEXT_REGION_LENGTH__ = DEFINED (__TEXT_REGION_LENGTH__)?__TEXT_REGION_LENGTH__:0x20000
                0x000000000000ffa0                __DATA_REGION_LENGTH__ = DEFINED (__DATA_REGION_LENGTH__)?__DATA_REGION_LENGTH__:0xffa0
                0x0000000000010000                __EEPROM_REGION_LENGTH__ = DEFINED (__EEPROM_REGION_LENGTH__)?__EEPROM_REGION_LENGTH__:0x10000
                0x0000000000000400                __FUSE_REGION_LENGTH__ = DEFINED (__FUSE_REGION_LENGTH__)?__FUSE_REGION_LENGTH__:0x400
                0x0000000000000400                __LOCK_REGION_LENGTH__ = DEFINED (__LOCK_REGION_LENGTH__)?__LOCK_REGION_LENGTH__:0x400
                0x0000000000000400                __SIGNATURE_REGION_LENGTH__ = DEFINED (__SIGNATURE_REGION_LENGTH__)?__SIGNATURE_REGION_LENGTH__:0x400
                0x0000000000000400                __USER_SIGNATURE_REGION_LENGTH__ = DEFINED (__USER_SIGNATURE_REGION_LENGTH__)?__USER_SIGNATURE_REGION_LENGTH__:0x400

.hash
 *(.hash)

.dynsym
 *(.dynsym)

.dynstr
 *(.dynstr)

.gnu.version
 *(.gnu.version)

.gnu.version_d
 *(.gnu.version_d)

.gnu.version_r
 *(.gnu.version_r)

.rel.init
 *(.rel.init)

.rela.init
 *(.rela.init)

.rel.text
 *(.rel.text)
 *(.rel.text.*)
 *(.rel.gnu.linkonce.t*)

.rela.text
 *(.rela.text)
 *(.rela.text.*)
 *(.rela.gnu.linkonce.t*)

.rel.fini
 *(.rel.fini)

.rela.fini
 *(.rela.fini)

.rel.rodata
 *(.rel.rodata)
 *(.rel.rodata.*)
 *(.rel.gnu.linkonce.r*)

.rela.rodata
 *(.rela.rodata)
 *(.rela.rodata.*)
 *(.rela.gnu.linkonce.r*)

.rel.data
 *(.rel.data)
 *(.rel.data.*)
 *(.rel.gnu.linkonce.d*)

.rela.data
 *(.rela.data)
 *(.rela.data.*)
 *(.rela.gnu.linkonce.d*)

.rel.ctors
 *(.rel.ctors)

.rela.ctors
 *(.rela.ctors)

.rel.dtors
 *(.rel.dtors)

.rela.dtors
 *(.rela.dtors)

.rel.got
 *(.rel.got)

.rela.got
 *(.rela.got)

.rel.bss
 *(.rel.bss)

.rela.bss
 *(.rela.bss)

.rel.plt
 *(.rel.plt)

.rela.plt
 *(.rela.plt)

.text           0x0000000000000000     0x6382
 *(.vectors)
 .vectors       0x0000000000000000       0xac /usr/local/Cellar/avr-gcc/8.3.0/lib/avr-gcc/8/gcc/avr/8.3.0/../../../../../../avr/lib/avr5/crtatmega32u4.o
                0x0000000000000000                __vectors
                0x0000000000000000                __vector_default
 *(.vectors)
 *(.progmem.gcc*)
                0x00000000000000ac                . = ALIGN (0x2)
                0x00000000000000ac                __trampolines_start = .
 *(.trampolines)
 .trampolines   0x00000000000000ac        0x0 linker stubs
 *(.trampolines*)
                0x00000000000000ac                __trampolines_end = .
 *libprintf_flt.a:*(.progmem.data)
 *libc.a:*(.progmem.data)
 *(.progmem.*)
 .progmem.data.__c.6059
                0x00000000000000ac       0x22 .build/obj_ergodox_ez_default/keyboards/ergodox_ez/keymaps/default/keymap.o
 .progmem.data.keymaps
                0x00000000000000ce      0x1f8 .build/obj_ergodox_ez_default/keyboards/ergodox_ez/keymaps/default/keymap.o
                0x00000000000000ce                keymaps
 .progmem.data.ascii_to_keycode_lut
                0x00000000000002c6       0x80 .build/obj_ergodox_ez_default/quantum/quantum.o
                0x00000000000002c6                ascii_to_keycode_lut
 .progmem.data.ascii_to_altgr_lut
                0x0000000000000346       0x80 .build/obj_ergodox_ez_default/quantum/quantum.o
                0x0000000000000346                ascii_to_altgr_lut
 .progmem.data.ascii_to_shift_lut
                0x00000000000003c6       0x80 .build/obj_ergodox_ez_default/quantum/quantum.o
                0x00000000000003c6                ascii_to_shift_lut
 .progmem.data.fn_actions
                0x0000000000000446        0x0 .build/obj_ergodox_ez_default/quantum/keymap_common.o
                0x0000000000000446                fn_actions
 .progmem.data.RGBLED_RGBTEST_INTERVALS
                0x0000000000000446        0x2 .build/obj_ergodox_ez_default/quantum/rgblight.o
                0x0000000000000446                RGBLED_RGBTEST_INTERVALS
 .progmem.data.RGBLED_KNIGHT_INTERVALS
                0x0000000000000448        0x3 .build/obj_ergodox_ez_default/quantum/rgblight.o
                0x0000000000000448                RGBLED_KNIGHT_INTERVALS
 .progmem.data.RGBLED_SNAKE_INTERVALS
                0x000000000000044b        0x3 .build/obj_ergodox_ez_default/quantum/rgblight.o
                0x000000000000044b                RGBLED_SNAKE_INTERVALS
 .progmem.data.RGBLED_RAINBOW_SWIRL_INTERVALS
                0x000000000000044e        0x3 .build/obj_ergodox_ez_default/quantum/rgblight.o
                0x000000000000044e                RGBLED_RAINBOW_SWIRL_INTERVALS
 .progmem.data.RGBLED_RAINBOW_MOOD_INTERVALS
                0x0000000000000451        0x3 .build/obj_ergodox_ez_default/quantum/rgblight.o
                0x0000000000000451                RGBLED_RAINBOW_MOOD_INTERVALS
 .progmem.data.RGBLED_BREATHING_INTERVALS
                0x0000000000000454        0x4 .build/obj_ergodox_ez_default/quantum/rgblight.o
                0x0000000000000454                RGBLED_BREATHING_INTERVALS
 .progmem.data.rgblight_effect_breathe_table
                0x0000000000000458      0x100 .build/obj_ergodox_ez_default/quantum/rgblight.o
                0x0000000000000458                rgblight_effect_breathe_table
 .progmem.data.RGBLED_GRADIENT_RANGES
                0x0000000000000558        0x5 .build/obj_ergodox_ez_default/quantum/rgblight.o
                0x0000000000000558                RGBLED_GRADIENT_RANGES
 .progmem.data.CIE1931_CURVE
                0x000000000000055d      0x100 .build/obj_ergodox_ez_default/quantum/led_tables.o
                0x000000000000055d                CIE1931_CURVE
 .progmem.data.SerialNumberString
                0x000000000000065d        0x6 .build/obj_ergodox_ez_default/usb_descriptor.o
                0x000000000000065d                SerialNumberString
 .progmem.data.ProductString
                0x0000000000000663       0x18 .build/obj_ergodox_ez_default/usb_descriptor.o
                0x0000000000000663                ProductString
 .progmem.data.ManufacturerString
                0x000000000000067b       0x18 .build/obj_ergodox_ez_default/usb_descriptor.o
                0x000000000000067b                ManufacturerString
 .progmem.data.LanguageString
                0x0000000000000693        0x4 .build/obj_ergodox_ez_default/usb_descriptor.o
                0x0000000000000693                LanguageString
 .progmem.data.ConfigurationDescriptor
                0x0000000000000697       0x3b .build/obj_ergodox_ez_default/usb_descriptor.o
                0x0000000000000697                ConfigurationDescriptor
 .progmem.data.DeviceDescriptor
                0x00000000000006d2       0x12 .build/obj_ergodox_ez_default/usb_descriptor.o
                0x00000000000006d2                DeviceDescriptor
 .progmem.data.SharedReport
                0x00000000000006e4       0xc0 .build/obj_ergodox_ez_default/usb_descriptor.o
                0x00000000000006e4                SharedReport
 .progmem.data.KeyboardReport
                0x00000000000007a4       0x40 .build/obj_ergodox_ez_default/usb_descriptor.o
                0x00000000000007a4                KeyboardReport
                0x00000000000007e4                . = ALIGN (0x2)
 *(.lowtext)
 *(.lowtext*)
                0x00000000000007e4                __ctors_start = .
 *(.ctors)
                0x00000000000007e4                __ctors_end = .
                0x00000000000007e4                __dtors_start = .
 *(.dtors)
                0x00000000000007e4                __dtors_end = .
 SORT_BY_NAME(*)(.ctors)
 SORT_BY_NAME(*)(.dtors)
 *(.init0)
 .init0         0x00000000000007e4        0x0 /usr/local/Cellar/avr-gcc/8.3.0/lib/avr-gcc/8/gcc/avr/8.3.0/../../../../../../avr/lib/avr5/crtatmega32u4.o
                0x00000000000007e4                __init
 *(.init0)
 *(.init1)
 *(.init1)
 *(.init2)
 .init2         0x00000000000007e4        0xc /usr/local/Cellar/avr-gcc/8.3.0/lib/avr-gcc/8/gcc/avr/8.3.0/../../../../../../avr/lib/avr5/crtatmega32u4.o
 *(.init2)
 *(.init3)
 .init3         0x00000000000007f0        0x0 .build/obj_ergodox_ez_default/common/avr/bootloader.o
                0x00000000000007f0                bootloader_jump_after_watchdog_reset
 *(.init3)
 *(.init4)
 .init4         0x00000000000007f0       0x16 /usr/local/Cellar/avr-gcc/8.3.0/lib/avr-gcc/8/gcc/avr/8.3.0/avr5/libgcc.a(_copy_data.o)
                0x00000000000007f0                __do_copy_data
 .init4         0x0000000000000806       0x10 /usr/local/Cellar/avr-gcc/8.3.0/lib/avr-gcc/8/gcc/avr/8.3.0/avr5/libgcc.a(_clear_bss.o)
                0x0000000000000806                __do_clear_bss
 *(.init4)
 *(.init5)
 *(.init5)
 *(.init6)
 *(.init6)
 *(.init7)
 *(.init7)
 *(.init8)
 *(.init8)
 *(.init9)
 .init9         0x0000000000000816        0x8 /usr/local/Cellar/avr-gcc/8.3.0/lib/avr-gcc/8/gcc/avr/8.3.0/../../../../../../avr/lib/avr5/crtatmega32u4.o
 *(.init9)
 *(.text)
 .text          0x000000000000081e        0x4 /usr/local/Cellar/avr-gcc/8.3.0/lib/avr-gcc/8/gcc/avr/8.3.0/../../../../../../avr/lib/avr5/crtatmega32u4.o
                0x000000000000081e                __vector_42
                0x000000000000081e                __vector_22
                0x000000000000081e                __vector_28
                0x000000000000081e                __vector_1
                0x000000000000081e                __vector_32
                0x000000000000081e                __vector_34
                0x000000000000081e                __vector_24
                0x000000000000081e                __bad_interrupt
                0x000000000000081e                __vector_6
                0x000000000000081e                __vector_31
                0x000000000000081e                __vector_35
                0x000000000000081e                __vector_39
                0x000000000000081e                __vector_3
                0x000000000000081e                __vector_23
                0x000000000000081e                __vector_30
                0x000000000000081e                __vector_25
                0x000000000000081e                __vector_13
                0x000000000000081e                __vector_17
                0x000000000000081e                __vector_19
                0x000000000000081e                __vector_7
                0x000000000000081e                __vector_41
                0x000000000000081e                __vector_27
                0x000000000000081e                __vector_5
                0x000000000000081e                __vector_33
                0x000000000000081e                __vector_37
                0x000000000000081e                __vector_4
                0x000000000000081e                __vector_9
                0x000000000000081e                __vector_2
                0x000000000000081e                __vector_15
                0x000000000000081e                __vector_36
                0x000000000000081e                __vector_29
                0x000000000000081e                __vector_40
                0x000000000000081e                __vector_8
                0x000000000000081e                __vector_26
                0x000000000000081e                __vector_14
                0x000000000000081e                __vector_16
                0x000000000000081e                __vector_18
                0x000000000000081e                __vector_20
                0x000000000000081e                __vector_38
                0x0000000000000822                . = ALIGN (0x2)
 *(.text.*)
 .text.init_cols
                0x0000000000000822        0xe .build/obj_ergodox_ez_default/matrix.o
 .text.unselect_rows
                0x0000000000000830       0x1e .build/obj_ergodox_ez_default/matrix.o
 .text.select_row
                0x000000000000084e       0xa8 .build/obj_ergodox_ez_default/matrix.o
 .text.read_cols
                0x00000000000008f6       0x9c .build/obj_ergodox_ez_default/matrix.o
 .text.matrix_scan_user
                0x0000000000000992        0x2 .build/obj_ergodox_ez_default/matrix.o
                0x0000000000000992                matrix_scan_user
 .text.matrix_scan_kb
                0x0000000000000994        0x4 .build/obj_ergodox_ez_default/matrix.o
                0x0000000000000994                matrix_scan_kb
 .text.matrix_init
                0x0000000000000998       0x34 .build/obj_ergodox_ez_default/matrix.o
                0x0000000000000998                matrix_init
 .text.matrix_power_up
                0x00000000000009cc       0x26 .build/obj_ergodox_ez_default/matrix.o
                0x00000000000009cc                matrix_power_up
 .text.matrix_scan
                0x00000000000009f2       0xb8 .build/obj_ergodox_ez_default/matrix.o
                0x00000000000009f2                matrix_scan
 .text.matrix_get_row
                0x0000000000000aaa        0xc .build/obj_ergodox_ez_default/matrix.o
                0x0000000000000aaa                matrix_get_row
 .text.matrix_print
                0x0000000000000ab6        0x2 .build/obj_ergodox_ez_default/matrix.o
                0x0000000000000ab6                matrix_print
 .text.i2c_init
                0x0000000000000ab8        0xc .build/obj_ergodox_ez_default/i2c_master.o
                0x0000000000000ab8                i2c_init
 .text.i2c_start
                0x0000000000000ac4       0xb8 .build/obj_ergodox_ez_default/i2c_master.o
                0x0000000000000ac4                i2c_start
 .text.i2c_write
                0x0000000000000b7c       0x5e .build/obj_ergodox_ez_default/i2c_master.o
                0x0000000000000b7c                i2c_write
 .text.i2c_read_nack
                0x0000000000000bda       0x48 .build/obj_ergodox_ez_default/i2c_master.o
                0x0000000000000bda                i2c_read_nack
 .text.i2c_stop
                0x0000000000000c22        0x8 .build/obj_ergodox_ez_default/i2c_master.o
                0x0000000000000c22                i2c_stop
 .text.ergodox_right_led_1_on
                0x0000000000000c2a        0x6 .build/obj_ergodox_ez_default/keyboards/ergodox_ez/ergodox_ez.o
                0x0000000000000c2a                ergodox_right_led_1_on
 .text.ergodox_right_led_2_on
                0x0000000000000c30        0x6 .build/obj_ergodox_ez_default/keyboards/ergodox_ez/ergodox_ez.o
                0x0000000000000c30                ergodox_right_led_2_on
 .text.ergodox_right_led_3_on
                0x0000000000000c36        0x6 .build/obj_ergodox_ez_default/keyboards/ergodox_ez/ergodox_ez.o
                0x0000000000000c36                ergodox_right_led_3_on
 .text.ergodox_board_led_off
                0x0000000000000c3c        0x6 .build/obj_ergodox_ez_default/keyboards/ergodox_ez/ergodox_ez.o
                0x0000000000000c3c                ergodox_board_led_off
 .text.ergodox_right_led_1_off
                0x0000000000000c42        0x6 .build/obj_ergodox_ez_default/keyboards/ergodox_ez/ergodox_ez.o
                0x0000000000000c42                ergodox_right_led_1_off
 .text.ergodox_right_led_2_off
                0x0000000000000c48        0x6 .build/obj_ergodox_ez_default/keyboards/ergodox_ez/ergodox_ez.o
                0x0000000000000c48                ergodox_right_led_2_off
 .text.ergodox_right_led_3_off
                0x0000000000000c4e        0x6 .build/obj_ergodox_ez_default/keyboards/ergodox_ez/ergodox_ez.o
                0x0000000000000c4e                ergodox_right_led_3_off
 .text.ergodox_led_all_off
                0x0000000000000c54       0x10 .build/obj_ergodox_ez_default/keyboards/ergodox_ez/ergodox_ez.o
                0x0000000000000c54                ergodox_led_all_off
 .text.ergodox_led_all_set
                0x0000000000000c64       0x1c .build/obj_ergodox_ez_default/keyboards/ergodox_ez/ergodox_ez.o
                0x0000000000000c64                ergodox_led_all_set
 .text.ergodox_blink_all_leds
                0x0000000000000c80       0x80 .build/obj_ergodox_ez_default/keyboards/ergodox_ez/ergodox_ez.o
                0x0000000000000c80                ergodox_blink_all_leds
 .text.matrix_init_kb
                0x0000000000000d00       0x2c .build/obj_ergodox_ez_default/keyboards/ergodox_ez/ergodox_ez.o
                0x0000000000000d00                matrix_init_kb
 .text.init_mcp23018
                0x0000000000000d2c       0xee .build/obj_ergodox_ez_default/keyboards/ergodox_ez/ergodox_ez.o
                0x0000000000000d2c                init_mcp23018
 .text.process_record_user
                0x0000000000000e1a       0x3e .build/obj_ergodox_ez_default/keyboards/ergodox_ez/keymaps/default/keymap.o
                0x0000000000000e1a                process_record_user
 .text.matrix_init_user
                0x0000000000000e58        0x2 .build/obj_ergodox_ez_default/keyboards/ergodox_ez/keymaps/default/keymap.o
                0x0000000000000e58                matrix_init_user
 .text.layer_state_set_user
                0x0000000000000e5a       0x6a .build/obj_ergodox_ez_default/keyboards/ergodox_ez/keymaps/default/keymap.o
                0x0000000000000e5a                layer_state_set_user
 .text.do_code16
                0x0000000000000ec4       0x6c .build/obj_ergodox_ez_default/quantum/quantum.o
 .text.qk_register_weak_mods
                0x0000000000000f30       0x16 .build/obj_ergodox_ez_default/quantum/quantum.o
 .text.qk_register_mods
                0x0000000000000f46        0x4 .build/obj_ergodox_ez_default/quantum/quantum.o
 .text.qk_unregister_weak_mods
                0x0000000000000f4a       0x16 .build/obj_ergodox_ez_default/quantum/quantum.o
 .text.qk_unregister_mods
                0x0000000000000f60        0x4 .build/obj_ergodox_ez_default/quantum/quantum.o
 .text.register_code16
                0x0000000000000f64       0x2a .build/obj_ergodox_ez_default/quantum/quantum.o
                0x0000000000000f64                register_code16
 .text.unregister_code16
                0x0000000000000f8e       0x2a .build/obj_ergodox_ez_default/quantum/quantum.o
                0x0000000000000f8e                unregister_code16
 .text.tap_code16
                0x0000000000000fb8       0x14 .build/obj_ergodox_ez_default/quantum/quantum.o
                0x0000000000000fb8                tap_code16
 .text.process_action_kb
                0x0000000000000fcc        0x4 .build/obj_ergodox_ez_default/quantum/quantum.o
                0x0000000000000fcc                process_action_kb
 .text.process_record_kb
                0x0000000000000fd0        0x4 .build/obj_ergodox_ez_default/quantum/quantum.o
                0x0000000000000fd0                process_record_kb
 .text.get_event_keycode
                0x0000000000000fd4       0x62 .build/obj_ergodox_ez_default/quantum/quantum.o
                0x0000000000000fd4                get_event_keycode
 .text.get_record_keycode
                0x0000000000001036       0x10 .build/obj_ergodox_ez_default/quantum/quantum.o
                0x0000000000001036                get_record_keycode
 .text.send_char
                0x0000000000001046       0x5c .build/obj_ergodox_ez_default/quantum/quantum.o
                0x0000000000001046                send_char
 .text.send_string_with_delay_P
                0x00000000000010a2       0x74 .build/obj_ergodox_ez_default/quantum/quantum.o
                0x00000000000010a2                send_string_with_delay_P
 .text.send_string_P
                0x0000000000001116        0x6 .build/obj_ergodox_ez_default/quantum/quantum.o
                0x0000000000001116                send_string_P
 .text.matrix_init_quantum
                0x000000000000111c       0x14 .build/obj_ergodox_ez_default/quantum/quantum.o
                0x000000000000111c                matrix_init_quantum
 .text.matrix_scan_quantum
                0x0000000000001130        0x4 .build/obj_ergodox_ez_default/quantum/quantum.o
                0x0000000000001130                matrix_scan_quantum
 .text.hex_to_keycode
                0x0000000000001134       0x1c .build/obj_ergodox_ez_default/quantum/quantum.o
                0x0000000000001134                hex_to_keycode
 .text.led_set_user
                0x0000000000001150        0x2 .build/obj_ergodox_ez_default/quantum/quantum.o
                0x0000000000001150                led_set_user
 .text.led_set_kb
                0x0000000000001152        0x4 .build/obj_ergodox_ez_default/quantum/quantum.o
                0x0000000000001152                led_set_kb
 .text.led_set  0x0000000000001156        0x4 .build/obj_ergodox_ez_default/quantum/quantum.o
                0x0000000000001156                led_set
 .text.shutdown_user
                0x000000000000115a        0x2 .build/obj_ergodox_ez_default/quantum/quantum.o
                0x000000000000115a                shutdown_user
 .text.reset_keyboard
                0x000000000000115c       0x1e .build/obj_ergodox_ez_default/quantum/quantum.o
                0x000000000000115c                reset_keyboard
 .text.process_record_quantum
                0x000000000000117a      0x42c .build/obj_ergodox_ez_default/quantum/quantum.o
                0x000000000000117a                process_record_quantum
 .text.action_get_macro
                0x00000000000015a6        0x6 .build/obj_ergodox_ez_default/quantum/keymap_common.o
                0x00000000000015a6                action_get_macro
 .text.action_function
                0x00000000000015ac        0x2 .build/obj_ergodox_ez_default/quantum/keymap_common.o
                0x00000000000015ac                action_function
 .text.keymap_key_to_keycode
                0x00000000000015ae       0x28 .build/obj_ergodox_ez_default/quantum/keymap_common.o
                0x00000000000015ae                keymap_key_to_keycode
 .text.keymap_function_id_to_action
                0x00000000000015d6       0x10 .build/obj_ergodox_ez_default/quantum/keymap_common.o
                0x00000000000015d6                keymap_function_id_to_action
 .text.action_for_key
                0x00000000000015e6      0x38c .build/obj_ergodox_ez_default/quantum/keymap_common.o
                0x00000000000015e6                action_for_key
 .text.keycode_config
                0x0000000000001972       0xf6 .build/obj_ergodox_ez_default/quantum/keycode_config.o
                0x0000000000001972                keycode_config
 .text.mod_config
                0x0000000000001a68       0x46 .build/obj_ergodox_ez_default/quantum/keycode_config.o
                0x0000000000001a68                mod_config
 .text.debounce_init
                0x0000000000001aae       0x28 .build/obj_ergodox_ez_default/quantum/debounce/eager_pr.o
                0x0000000000001aae                debounce_init
 .text.update_debounce_counters
                0x0000000000001ad6       0x7c .build/obj_ergodox_ez_default/quantum/debounce/eager_pr.o
                0x0000000000001ad6                update_debounce_counters
 .text.transfer_matrix_values
                0x0000000000001b52       0x72 .build/obj_ergodox_ez_default/quantum/debounce/eager_pr.o
                0x0000000000001b52                transfer_matrix_values
 .text.debounce
                0x0000000000001bc4       0x70 .build/obj_ergodox_ez_default/quantum/debounce/eager_pr.o
                0x0000000000001bc4                debounce
 .text.process_unicode
                0x0000000000001c34       0x2a .build/obj_ergodox_ez_default/quantum/process_keycode/process_unicode.o
                0x0000000000001c34                process_unicode
 .text.unicode_input_mode_init
                0x0000000000001c5e       0x20 .build/obj_ergodox_ez_default/quantum/process_keycode/process_unicode_common.o
                0x0000000000001c5e                unicode_input_mode_init
 .text.persist_unicode_input_mode
                0x0000000000001c7e        0xc .build/obj_ergodox_ez_default/quantum/process_keycode/process_unicode_common.o
                0x0000000000001c7e                persist_unicode_input_mode
 .text.unicode_input_start
                0x0000000000001c8a       0x58 .build/obj_ergodox_ez_default/quantum/process_keycode/process_unicode_common.o
                0x0000000000001c8a                unicode_input_start
 .text.unicode_input_finish
                0x0000000000001ce2       0x30 .build/obj_ergodox_ez_default/quantum/process_keycode/process_unicode_common.o
                0x0000000000001ce2                unicode_input_finish
 .text.register_hex
                0x0000000000001d12       0x3a .build/obj_ergodox_ez_default/quantum/process_keycode/process_unicode_common.o
                0x0000000000001d12                register_hex
 .text.process_unicode_common
                0x0000000000001d4c       0x6a .build/obj_ergodox_ez_default/quantum/process_keycode/process_unicode_common.o
                0x0000000000001d4c                process_unicode_common
 .text.hsv_to_rgb
                0x0000000000001db6      0x12c .build/obj_ergodox_ez_default/quantum/color.o
                0x0000000000001db6                hsv_to_rgb
 .text.rgblight_effect_dummy
                0x0000000000001ee2        0x2 .build/obj_ergodox_ez_default/quantum/rgblight.o
 .text.sethsv   0x0000000000001ee4       0x20 .build/obj_ergodox_ez_default/quantum/rgblight.o
                0x0000000000001ee4                sethsv
 .text.rgblight_check_config
                0x0000000000001f04       0x1e .build/obj_ergodox_ez_default/quantum/rgblight.o
                0x0000000000001f04                rgblight_check_config
 .text.eeconfig_read_rgblight
                0x0000000000001f22        0x8 .build/obj_ergodox_ez_default/quantum/rgblight.o
                0x0000000000001f22                eeconfig_read_rgblight
 .text.eeconfig_update_rgblight
                0x0000000000001f2a       0x24 .build/obj_ergodox_ez_default/quantum/rgblight.o
                0x0000000000001f2a                eeconfig_update_rgblight
 .text.eeconfig_update_rgblight_default
                0x0000000000001f4e       0x1e .build/obj_ergodox_ez_default/quantum/rgblight.o
                0x0000000000001f4e                eeconfig_update_rgblight_default
 .text.rgblight_get_mode
                0x0000000000001f6c       0x10 .build/obj_ergodox_ez_default/quantum/rgblight.o
                0x0000000000001f6c                rgblight_get_mode
 .text.rgblight_increase_speed
                0x0000000000001f7c       0x22 .build/obj_ergodox_ez_default/quantum/rgblight.o
                0x0000000000001f7c                rgblight_increase_speed
 .text.rgblight_decrease_speed
                0x0000000000001f9e       0x22 .build/obj_ergodox_ez_default/quantum/rgblight.o
                0x0000000000001f9e                rgblight_decrease_speed
 .text.rgblight_set
                0x0000000000001fc0       0x36 .build/obj_ergodox_ez_default/quantum/rgblight.o
                0x0000000000001fc0                rgblight_set
 .text.rgblight_setrgb
                0x0000000000001ff6       0x22 .build/obj_ergodox_ez_default/quantum/rgblight.o
                0x0000000000001ff6                rgblight_setrgb
 .text.rgblight_sethsv_noeeprom_old
                0x0000000000002018       0x36 .build/obj_ergodox_ez_default/quantum/rgblight.o
                0x0000000000002018                rgblight_sethsv_noeeprom_old
 .text.rgblight_effect_breathing
                0x000000000000204e       0x28 .build/obj_ergodox_ez_default/quantum/rgblight.o
                0x000000000000204e                rgblight_effect_breathing
 .text.rgblight_effect_rainbow_mood
                0x0000000000002076       0x20 .build/obj_ergodox_ez_default/quantum/rgblight.o
                0x0000000000002076                rgblight_effect_rainbow_mood
 .text.rgblight_effect_rgbtest
                0x0000000000002096       0x80 .build/obj_ergodox_ez_default/quantum/rgblight.o
                0x0000000000002096                rgblight_effect_rgbtest
 .text.rgblight_sethsv_eeprom_helper
                0x0000000000002116      0x12c .build/obj_ergodox_ez_default/quantum/rgblight.o
                0x0000000000002116                rgblight_sethsv_eeprom_helper
 .text.rgblight_increase_hue_helper
                0x0000000000002242       0x14 .build/obj_ergodox_ez_default/quantum/rgblight.o
                0x0000000000002242                rgblight_increase_hue_helper
 .text.rgblight_increase_hue
                0x0000000000002256        0x6 .build/obj_ergodox_ez_default/quantum/rgblight.o
                0x0000000000002256                rgblight_increase_hue
 .text.rgblight_decrease_hue_helper
                0x000000000000225c       0x14 .build/obj_ergodox_ez_default/quantum/rgblight.o
                0x000000000000225c                rgblight_decrease_hue_helper
 .text.rgblight_decrease_hue
                0x0000000000002270        0x6 .build/obj_ergodox_ez_default/quantum/rgblight.o
                0x0000000000002270                rgblight_decrease_hue
 .text.rgblight_increase_sat_helper
                0x0000000000002276       0x18 .build/obj_ergodox_ez_default/quantum/rgblight.o
                0x0000000000002276                rgblight_increase_sat_helper
 .text.rgblight_increase_sat
                0x000000000000228e        0x6 .build/obj_ergodox_ez_default/quantum/rgblight.o
                0x000000000000228e                rgblight_increase_sat
 .text.rgblight_decrease_sat_helper
                0x0000000000002294       0x18 .build/obj_ergodox_ez_default/quantum/rgblight.o
                0x0000000000002294                rgblight_decrease_sat_helper
 .text.rgblight_decrease_sat
                0x00000000000022ac        0x6 .build/obj_ergodox_ez_default/quantum/rgblight.o
                0x00000000000022ac                rgblight_decrease_sat
 .text.rgblight_increase_val_helper
                0x00000000000022b2       0x18 .build/obj_ergodox_ez_default/quantum/rgblight.o
                0x00000000000022b2                rgblight_increase_val_helper
 .text.rgblight_increase_val
                0x00000000000022ca        0x6 .build/obj_ergodox_ez_default/quantum/rgblight.o
                0x00000000000022ca                rgblight_increase_val
 .text.rgblight_decrease_val_helper
                0x00000000000022d0       0x18 .build/obj_ergodox_ez_default/quantum/rgblight.o
                0x00000000000022d0                rgblight_decrease_val_helper
 .text.rgblight_decrease_val
                0x00000000000022e8        0x6 .build/obj_ergodox_ez_default/quantum/rgblight.o
                0x00000000000022e8                rgblight_decrease_val
 .text.rgblight_sethsv_noeeprom
                0x00000000000022ee        0x6 .build/obj_ergodox_ez_default/quantum/rgblight.o
                0x00000000000022ee                rgblight_sethsv_noeeprom
 .text.rgblight_effect_rainbow_swirl
                0x00000000000022f4       0x54 .build/obj_ergodox_ez_default/quantum/rgblight.o
                0x00000000000022f4                rgblight_effect_rainbow_swirl
 .text.rgblight_effect_snake
                0x0000000000002348       0xc2 .build/obj_ergodox_ez_default/quantum/rgblight.o
                0x0000000000002348                rgblight_effect_snake
 .text.rgblight_effect_knight
                0x000000000000240a       0x9c .build/obj_ergodox_ez_default/quantum/rgblight.o
                0x000000000000240a                rgblight_effect_knight
 .text.rgblight_effect_christmas
                0x00000000000024a6       0x68 .build/obj_ergodox_ez_default/quantum/rgblight.o
                0x00000000000024a6                rgblight_effect_christmas
 .text.rgblight_effect_alternating
                0x000000000000250e       0x72 .build/obj_ergodox_ez_default/quantum/rgblight.o
                0x000000000000250e                rgblight_effect_alternating
 .text.rgblight_disable
                0x0000000000002580       0x30 .build/obj_ergodox_ez_default/quantum/rgblight.o
                0x0000000000002580                rgblight_disable
 .text.rgblight_timer_enable
                0x00000000000025b0       0x2c .build/obj_ergodox_ez_default/quantum/rgblight.o
                0x00000000000025b0                rgblight_timer_enable
 .text.rgblight_mode_eeprom_helper
                0x00000000000025dc       0x74 .build/obj_ergodox_ez_default/quantum/rgblight.o
                0x00000000000025dc                rgblight_mode_eeprom_helper
 .text.rgblight_step_helper
                0x0000000000002650       0x16 .build/obj_ergodox_ez_default/quantum/rgblight.o
                0x0000000000002650                rgblight_step_helper
 .text.rgblight_step
                0x0000000000002666        0x6 .build/obj_ergodox_ez_default/quantum/rgblight.o
                0x0000000000002666                rgblight_step
 .text.rgblight_step_reverse_helper
                0x000000000000266c       0x14 .build/obj_ergodox_ez_default/quantum/rgblight.o
                0x000000000000266c                rgblight_step_reverse_helper
 .text.rgblight_step_reverse
                0x0000000000002680        0x6 .build/obj_ergodox_ez_default/quantum/rgblight.o
                0x0000000000002680                rgblight_step_reverse
 .text.rgblight_mode
                0x0000000000002686        0x6 .build/obj_ergodox_ez_default/quantum/rgblight.o
                0x0000000000002686                rgblight_mode
 .text.rgblight_enable
                0x000000000000268c       0x10 .build/obj_ergodox_ez_default/quantum/rgblight.o
                0x000000000000268c                rgblight_enable
 .text.rgblight_toggle
                0x000000000000269c        0xe .build/obj_ergodox_ez_default/quantum/rgblight.o
                0x000000000000269c                rgblight_toggle
 .text.rgblight_mode_noeeprom
                0x00000000000026aa        0x6 .build/obj_ergodox_ez_default/quantum/rgblight.o
                0x00000000000026aa                rgblight_mode_noeeprom
 .text.rgblight_init
                0x00000000000026b0       0x70 .build/obj_ergodox_ez_default/quantum/rgblight.o
                0x00000000000026b0                rgblight_init
 .text.rgblight_task
                0x0000000000002720      0x136 .build/obj_ergodox_ez_default/quantum/rgblight.o
                0x0000000000002720                rgblight_task
 .text.I2C_WriteBit
                0x0000000000002856       0x38 .build/obj_ergodox_ez_default/ws2812.o
                0x0000000000002856                I2C_WriteBit
 .text.I2C_Init
                0x000000000000288e       0x18 .build/obj_ergodox_ez_default/ws2812.o
                0x000000000000288e                I2C_Init
 .text.I2C_Start
                0x00000000000028a6       0x28 .build/obj_ergodox_ez_default/ws2812.o
                0x00000000000028a6                I2C_Start
 .text.I2C_Stop
                0x00000000000028ce       0x1a .build/obj_ergodox_ez_default/ws2812.o
                0x00000000000028ce                I2C_Stop
 .text.I2C_Write
                0x00000000000028e8       0x34 .build/obj_ergodox_ez_default/ws2812.o
                0x00000000000028e8                I2C_Write
 .text.ws2812_sendarray_mask
                0x000000000000291c       0x44 .build/obj_ergodox_ez_default/ws2812.o
                0x000000000000291c                ws2812_sendarray_mask
 .text.ws2812_setleds_rgbw
                0x0000000000002960       0x80 .build/obj_ergodox_ez_default/ws2812.o
                0x0000000000002960                ws2812_setleds_rgbw
 .text.perform_space_cadet
                0x00000000000029e0       0xda .build/obj_ergodox_ez_default/quantum/process_keycode/process_space_cadet.o
                0x00000000000029e0                perform_space_cadet
 .text.process_space_cadet
                0x0000000000002aba       0x78 .build/obj_ergodox_ez_default/quantum/process_keycode/process_space_cadet.o
                0x0000000000002aba                process_space_cadet
 .text.host_set_driver
                0x0000000000002b32        0xa .build/obj_ergodox_ez_default/common/host.o
                0x0000000000002b32                host_set_driver
 .text.host_keyboard_leds
                0x0000000000002b3c       0x18 .build/obj_ergodox_ez_default/common/host.o
                0x0000000000002b3c                host_keyboard_leds
 .text.host_keyboard_send
                0x0000000000002b54       0x34 .build/obj_ergodox_ez_default/common/host.o
                0x0000000000002b54                host_keyboard_send
 .text.host_mouse_send
                0x0000000000002b88       0x1c .build/obj_ergodox_ez_default/common/host.o
                0x0000000000002b88                host_mouse_send
 .text.host_system_send
                0x0000000000002ba4       0x2c .build/obj_ergodox_ez_default/common/host.o
                0x0000000000002ba4                host_system_send
 .text.host_consumer_send
                0x0000000000002bd0       0x2c .build/obj_ergodox_ez_default/common/host.o
                0x0000000000002bd0                host_consumer_send
 .text.disable_jtag
                0x0000000000002bfc        0xe .build/obj_ergodox_ez_default/common/keyboard.o
                0x0000000000002bfc                disable_jtag
 .text.keyboard_pre_init_user
                0x0000000000002c0a        0x2 .build/obj_ergodox_ez_default/common/keyboard.o
                0x0000000000002c0a                keyboard_pre_init_user
 .text.matrix_setup
                0x0000000000002c0c        0x2 .build/obj_ergodox_ez_default/common/keyboard.o
                0x0000000000002c0c                matrix_setup
 .text.keyboard_pre_init_kb
                0x0000000000002c0e        0x4 .build/obj_ergodox_ez_default/common/keyboard.o
                0x0000000000002c0e                keyboard_pre_init_kb
 .text.keyboard_post_init_user
                0x0000000000002c12        0x2 .build/obj_ergodox_ez_default/common/keyboard.o
                0x0000000000002c12                keyboard_post_init_user
 .text.keyboard_post_init_kb
                0x0000000000002c14        0x4 .build/obj_ergodox_ez_default/common/keyboard.o
                0x0000000000002c14                keyboard_post_init_kb
 .text.keyboard_setup
                0x0000000000002c18        0xc .build/obj_ergodox_ez_default/common/keyboard.o
                0x0000000000002c18                keyboard_setup
 .text.is_keyboard_master
                0x0000000000002c24        0x4 .build/obj_ergodox_ez_default/common/keyboard.o
                0x0000000000002c24                is_keyboard_master
 .text.keyboard_init
                0x0000000000002c28       0x14 .build/obj_ergodox_ez_default/common/keyboard.o
                0x0000000000002c28                keyboard_init
 .text.keyboard_task
                0x0000000000002c3c      0x154 .build/obj_ergodox_ez_default/common/keyboard.o
                0x0000000000002c3c                keyboard_task
 .text.process_hand_swap
                0x0000000000002d90       0x70 .build/obj_ergodox_ez_default/common/action.o
                0x0000000000002d90                process_hand_swap
 .text.action_exec
                0x0000000000002e00       0x70 .build/obj_ergodox_ez_default/common/action.o
                0x0000000000002e00                action_exec
 .text.process_record_tap_hint
                0x0000000000002e70       0x24 .build/obj_ergodox_ez_default/common/action.o
                0x0000000000002e70                process_record_tap_hint
 .text.register_code
                0x0000000000002e94      0x1da .build/obj_ergodox_ez_default/common/action.o
                0x0000000000002e94                register_code
 .text.unregister_code
                0x000000000000306e       0xac .build/obj_ergodox_ez_default/common/action.o
                0x000000000000306e                unregister_code
 .text.tap_code
                0x000000000000311a       0x10 .build/obj_ergodox_ez_default/common/action.o
                0x000000000000311a                tap_code
 .text.register_mods
                0x000000000000312a        0xe .build/obj_ergodox_ez_default/common/action.o
                0x000000000000312a                register_mods
 .text.unregister_mods
                0x0000000000003138        0xe .build/obj_ergodox_ez_default/common/action.o
                0x0000000000003138                unregister_mods
 .text.process_action
                0x0000000000003146      0x550 .build/obj_ergodox_ez_default/common/action.o
                0x0000000000003146                process_action
 .text.process_record
                0x0000000000003696       0x54 .build/obj_ergodox_ez_default/common/action.o
                0x0000000000003696                process_record
 .text.clear_keyboard_but_mods_and_keys
                0x00000000000036ea       0x24 .build/obj_ergodox_ez_default/common/action.o
                0x00000000000036ea                clear_keyboard_but_mods_and_keys
 .text.clear_keyboard_but_mods
                0x000000000000370e        0x8 .build/obj_ergodox_ez_default/common/action.o
                0x000000000000370e                clear_keyboard_but_mods
 .text.clear_keyboard
                0x0000000000003716        0x8 .build/obj_ergodox_ez_default/common/action.o
                0x0000000000003716                clear_keyboard
 .text.is_tap_action
                0x000000000000371e       0x3e .build/obj_ergodox_ez_default/common/action.o
                0x000000000000371e                is_tap_action
 .text.is_tap_key
                0x000000000000375c        0x8 .build/obj_ergodox_ez_default/common/action.o
                0x000000000000375c                is_tap_key
 .text.debug_event
                0x0000000000003764       0x1e .build/obj_ergodox_ez_default/common/action.o
                0x0000000000003764                debug_event
 .text.debug_record
                0x0000000000003782       0x20 .build/obj_ergodox_ez_default/common/action.o
                0x0000000000003782                debug_record
 .text.debug_waiting_buffer
                0x00000000000037a2       0x42 .build/obj_ergodox_ez_default/common/action_tapping.o
 .text.debug_tapping_key
                0x00000000000037e4       0x1c .build/obj_ergodox_ez_default/common/action_tapping.o
 .text.waiting_buffer_scan_tap
                0x0000000000003800       0xc8 .build/obj_ergodox_ez_default/common/action_tapping.o
 .text.process_tapping
                0x00000000000038c8      0x38e .build/obj_ergodox_ez_default/common/action_tapping.o
 .text.action_tapping_process
                0x0000000000003c56      0x134 .build/obj_ergodox_ez_default/common/action_tapping.o
                0x0000000000003c56                action_tapping_process
 .text.action_macro_play
                0x0000000000003d8a       0xf0 .build/obj_ergodox_ez_default/common/action_macro.o
                0x0000000000003d8a                action_macro_play
 .text.default_layer_state_set_user
                0x0000000000003e7a        0x2 .build/obj_ergodox_ez_default/common/action_layer.o
                0x0000000000003e7a                default_layer_state_set_user
 .text.default_layer_state_set_kb
                0x0000000000003e7c        0x4 .build/obj_ergodox_ez_default/common/action_layer.o
                0x0000000000003e7c                default_layer_state_set_kb
 .text.default_layer_state_set
                0x0000000000003e80       0x18 .build/obj_ergodox_ez_default/common/action_layer.o
 .text.default_layer_debug
                0x0000000000003e98        0x2 .build/obj_ergodox_ez_default/common/action_layer.o
                0x0000000000003e98                default_layer_debug
 .text.default_layer_set
                0x0000000000003e9a        0x4 .build/obj_ergodox_ez_default/common/action_layer.o
                0x0000000000003e9a                default_layer_set
 .text.default_layer_or
                0x0000000000003e9e       0x24 .build/obj_ergodox_ez_default/common/action_layer.o
                0x0000000000003e9e                default_layer_or
 .text.default_layer_and
                0x0000000000003ec2       0x24 .build/obj_ergodox_ez_default/common/action_layer.o
                0x0000000000003ec2                default_layer_and
 .text.default_layer_xor
                0x0000000000003ee6       0x24 .build/obj_ergodox_ez_default/common/action_layer.o
                0x0000000000003ee6                default_layer_xor
 .text.layer_state_set_kb
                0x0000000000003f0a        0x4 .build/obj_ergodox_ez_default/common/action_layer.o
                0x0000000000003f0a                layer_state_set_kb
 .text.layer_state_set
                0x0000000000003f0e       0x18 .build/obj_ergodox_ez_default/common/action_layer.o
                0x0000000000003f0e                layer_state_set
 .text.layer_clear
                0x0000000000003f26        0xa .build/obj_ergodox_ez_default/common/action_layer.o
                0x0000000000003f26                layer_clear
 .text.layer_move
                0x0000000000003f30       0x2a .build/obj_ergodox_ez_default/common/action_layer.o
                0x0000000000003f30                layer_move
 .text.layer_on
                0x0000000000003f5a       0x42 .build/obj_ergodox_ez_default/common/action_layer.o
                0x0000000000003f5a                layer_on
 .text.layer_off
                0x0000000000003f9c       0x46 .build/obj_ergodox_ez_default/common/action_layer.o
                0x0000000000003f9c                layer_off
 .text.layer_invert
                0x0000000000003fe2       0x42 .build/obj_ergodox_ez_default/common/action_layer.o
                0x0000000000003fe2                layer_invert
 .text.layer_or
                0x0000000000004024       0x24 .build/obj_ergodox_ez_default/common/action_layer.o
                0x0000000000004024                layer_or
 .text.layer_and
                0x0000000000004048       0x24 .build/obj_ergodox_ez_default/common/action_layer.o
                0x0000000000004048                layer_and
 .text.layer_xor
                0x000000000000406c       0x24 .build/obj_ergodox_ez_default/common/action_layer.o
                0x000000000000406c                layer_xor
 .text.layer_debug
                0x0000000000004090        0x2 .build/obj_ergodox_ez_default/common/action_layer.o
                0x0000000000004090                layer_debug
 .text.update_source_layers_cache
                0x0000000000004092       0x5c .build/obj_ergodox_ez_default/common/action_layer.o
                0x0000000000004092                update_source_layers_cache
 .text.read_source_layers_cache
                0x00000000000040ee       0x52 .build/obj_ergodox_ez_default/common/action_layer.o
                0x00000000000040ee                read_source_layers_cache
 .text.layer_switch_get_layer
                0x0000000000004140       0x84 .build/obj_ergodox_ez_default/common/action_layer.o
                0x0000000000004140                layer_switch_get_layer
 .text.layer_switch_get_action
                0x00000000000041c4       0x14 .build/obj_ergodox_ez_default/common/action_layer.o
                0x00000000000041c4                layer_switch_get_action
 .text.store_or_get_action
                0x00000000000041d8       0x48 .build/obj_ergodox_ez_default/common/action_layer.o
                0x00000000000041d8                store_or_get_action
 .text.add_key  0x0000000000004220        0xe .build/obj_ergodox_ez_default/common/action_util.o
                0x0000000000004220                add_key
 .text.del_key  0x000000000000422e        0xe .build/obj_ergodox_ez_default/common/action_util.o
                0x000000000000422e                del_key
 .text.clear_keys
                0x000000000000423c        0xc .build/obj_ergodox_ez_default/common/action_util.o
                0x000000000000423c                clear_keys
 .text.get_oneshot_layer
                0x0000000000004248        0xc .build/obj_ergodox_ez_default/common/action_util.o
                0x0000000000004248                get_oneshot_layer
 .text.get_oneshot_layer_state
                0x0000000000004254        0x8 .build/obj_ergodox_ez_default/common/action_util.o
                0x0000000000004254                get_oneshot_layer_state
 .text.is_oneshot_layer_active
                0x000000000000425c        0xe .build/obj_ergodox_ez_default/common/action_util.o
                0x000000000000425c                is_oneshot_layer_active
 .text.get_mods
                0x000000000000426a        0x6 .build/obj_ergodox_ez_default/common/action_util.o
                0x000000000000426a                get_mods
 .text.add_mods
                0x0000000000004270        0xc .build/obj_ergodox_ez_default/common/action_util.o
                0x0000000000004270                add_mods
 .text.del_mods
                0x000000000000427c        0xe .build/obj_ergodox_ez_default/common/action_util.o
                0x000000000000427c                del_mods
 .text.set_mods
                0x000000000000428a        0x6 .build/obj_ergodox_ez_default/common/action_util.o
                0x000000000000428a                set_mods
 .text.clear_mods
                0x0000000000004290        0x6 .build/obj_ergodox_ez_default/common/action_util.o
                0x0000000000004290                clear_mods
 .text.add_weak_mods
                0x0000000000004296        0xc .build/obj_ergodox_ez_default/common/action_util.o
                0x0000000000004296                add_weak_mods
 .text.del_weak_mods
                0x00000000000042a2        0xe .build/obj_ergodox_ez_default/common/action_util.o
                0x00000000000042a2                del_weak_mods
 .text.clear_weak_mods
                0x00000000000042b0        0x6 .build/obj_ergodox_ez_default/common/action_util.o
                0x00000000000042b0                clear_weak_mods
 .text.add_macro_mods
                0x00000000000042b6        0xc .build/obj_ergodox_ez_default/common/action_util.o
                0x00000000000042b6                add_macro_mods
 .text.del_macro_mods
                0x00000000000042c2        0xe .build/obj_ergodox_ez_default/common/action_util.o
                0x00000000000042c2                del_macro_mods
 .text.clear_macro_mods
                0x00000000000042d0        0x6 .build/obj_ergodox_ez_default/common/action_util.o
                0x00000000000042d0                clear_macro_mods
 .text.get_oneshot_mods
                0x00000000000042d6        0x6 .build/obj_ergodox_ez_default/common/action_util.o
                0x00000000000042d6                get_oneshot_mods
 .text.oneshot_mods_changed_user
                0x00000000000042dc        0x2 .build/obj_ergodox_ez_default/common/action_util.o
                0x00000000000042dc                oneshot_mods_changed_user
 .text.oneshot_mods_changed_kb
                0x00000000000042de        0x4 .build/obj_ergodox_ez_default/common/action_util.o
                0x00000000000042de                oneshot_mods_changed_kb
 .text.set_oneshot_mods
                0x00000000000042e2       0x12 .build/obj_ergodox_ez_default/common/action_util.o
                0x00000000000042e2                set_oneshot_mods
 .text.clear_oneshot_mods
                0x00000000000042f4       0x14 .build/obj_ergodox_ez_default/common/action_util.o
                0x00000000000042f4                clear_oneshot_mods
 .text.send_keyboard_report
                0x0000000000004308       0x66 .build/obj_ergodox_ez_default/common/action_util.o
                0x0000000000004308                send_keyboard_report
 .text.oneshot_layer_changed_user
                0x000000000000436e        0x2 .build/obj_ergodox_ez_default/common/action_util.o
                0x000000000000436e                oneshot_layer_changed_user
 .text.oneshot_layer_changed_kb
                0x0000000000004370        0x4 .build/obj_ergodox_ez_default/common/action_util.o
                0x0000000000004370                oneshot_layer_changed_kb
 .text.set_oneshot_layer
                0x0000000000004374       0x20 .build/obj_ergodox_ez_default/common/action_util.o
                0x0000000000004374                set_oneshot_layer
 .text.reset_oneshot_layer
                0x0000000000004394        0xa .build/obj_ergodox_ez_default/common/action_util.o
                0x0000000000004394                reset_oneshot_layer
 .text.clear_oneshot_layer_state
                0x000000000000439e       0x30 .build/obj_ergodox_ez_default/common/action_util.o
                0x000000000000439e                clear_oneshot_layer_state
 .text.biton32  0x00000000000043ce       0x9a .build/obj_ergodox_ez_default/common/util.o
                0x00000000000043ce                biton32
 .text.eeconfig_is_enabled
                0x0000000000004468       0x16 .build/obj_ergodox_ez_default/common/eeconfig.o
                0x0000000000004468                eeconfig_is_enabled
 .text.eeconfig_read_debug
                0x000000000000447e        0x8 .build/obj_ergodox_ez_default/common/eeconfig.o
                0x000000000000447e                eeconfig_read_debug
 .text.eeconfig_read_default_layer
                0x0000000000004486        0x8 .build/obj_ergodox_ez_default/common/eeconfig.o
                0x0000000000004486                eeconfig_read_default_layer
 .text.eeconfig_read_keymap
                0x000000000000448e        0x8 .build/obj_ergodox_ez_default/common/eeconfig.o
                0x000000000000448e                eeconfig_read_keymap
 .text.eeconfig_update_keymap
                0x0000000000004496        0xa .build/obj_ergodox_ez_default/common/eeconfig.o
                0x0000000000004496                eeconfig_update_keymap
 .text.eeconfig_update_kb
                0x00000000000044a0        0xc .build/obj_ergodox_ez_default/common/eeconfig.o
                0x00000000000044a0                eeconfig_update_kb
 .text.eeconfig_update_user
                0x00000000000044ac        0xc .build/obj_ergodox_ez_default/common/eeconfig.o
                0x00000000000044ac                eeconfig_update_user
 .text.eeconfig_init_user
                0x00000000000044b8        0xa .build/obj_ergodox_ez_default/common/eeconfig.o
                0x00000000000044b8                eeconfig_init_user
 .text.eeconfig_init_kb
                0x00000000000044c2        0xe .build/obj_ergodox_ez_default/common/eeconfig.o
                0x00000000000044c2                eeconfig_init_kb
 .text.eeconfig_init_quantum
                0x00000000000044d0       0x8c .build/obj_ergodox_ez_default/common/eeconfig.o
                0x00000000000044d0                eeconfig_init_quantum
 .text.eeconfig_init
                0x000000000000455c        0x4 .build/obj_ergodox_ez_default/common/eeconfig.o
                0x000000000000455c                eeconfig_init
 .text.has_anykey
                0x0000000000004560       0x28 .build/obj_ergodox_ez_default/common/report.o
                0x0000000000004560                has_anykey
 .text.add_key_byte
                0x0000000000004588       0x34 .build/obj_ergodox_ez_default/common/report.o
                0x0000000000004588                add_key_byte
 .text.del_key_byte
                0x00000000000045bc       0x1a .build/obj_ergodox_ez_default/common/report.o
                0x00000000000045bc                del_key_byte
 .text.add_key_bit
                0x00000000000045d6       0x28 .build/obj_ergodox_ez_default/common/report.o
                0x00000000000045d6                add_key_bit
 .text.del_key_bit
                0x00000000000045fe       0x2a .build/obj_ergodox_ez_default/common/report.o
                0x00000000000045fe                del_key_bit
 .text.add_key_to_report
                0x0000000000004628       0x16 .build/obj_ergodox_ez_default/common/report.o
                0x0000000000004628                add_key_to_report
 .text.del_key_from_report
                0x000000000000463e       0x16 .build/obj_ergodox_ez_default/common/report.o
                0x000000000000463e                del_key_from_report
 .text.clear_keys_from_report
                0x0000000000004654       0x24 .build/obj_ergodox_ez_default/common/report.o
                0x0000000000004654                clear_keys_from_report
 .text.suspend_power_down_user
                0x0000000000004678        0x2 .build/obj_ergodox_ez_default/common/avr/suspend.o
                0x0000000000004678                suspend_power_down_user
 .text.suspend_power_down_kb
                0x000000000000467a        0x4 .build/obj_ergodox_ez_default/common/avr/suspend.o
                0x000000000000467a                suspend_power_down_kb
 .text.suspend_power_down
                0x000000000000467e       0x60 .build/obj_ergodox_ez_default/common/avr/suspend.o
                0x000000000000467e                suspend_power_down
 .text.matrix_power_down
                0x00000000000046de        0x2 .build/obj_ergodox_ez_default/common/avr/suspend.o
                0x00000000000046de                matrix_power_down
 .text.suspend_wakeup_condition
                0x00000000000046e0       0x28 .build/obj_ergodox_ez_default/common/avr/suspend.o
                0x00000000000046e0                suspend_wakeup_condition
 .text.suspend_wakeup_init_user
                0x0000000000004708        0x2 .build/obj_ergodox_ez_default/common/avr/suspend.o
                0x0000000000004708                suspend_wakeup_init_user
 .text.suspend_wakeup_init_kb
                0x000000000000470a        0x4 .build/obj_ergodox_ez_default/common/avr/suspend.o
                0x000000000000470a                suspend_wakeup_init_kb
 .text.suspend_wakeup_init
                0x000000000000470e       0x10 .build/obj_ergodox_ez_default/common/avr/suspend.o
                0x000000000000470e                suspend_wakeup_init
 .text.__vector_12
                0x000000000000471e       0x4e .build/obj_ergodox_ez_default/common/avr/suspend.o
                0x000000000000471e                __vector_12
 .text.timer_init
                0x000000000000476c       0x12 .build/obj_ergodox_ez_default/common/avr/timer.o
                0x000000000000476c                timer_init
 .text.timer_read
                0x000000000000477e       0x18 .build/obj_ergodox_ez_default/common/avr/timer.o
                0x000000000000477e                timer_read
 .text.timer_elapsed
                0x0000000000004796       0x54 .build/obj_ergodox_ez_default/common/avr/timer.o
                0x0000000000004796                timer_elapsed
 .text.__vector_21
                0x00000000000047ea       0x48 .build/obj_ergodox_ez_default/common/avr/timer.o
                0x00000000000047ea                __vector_21
 .text.bootloader_jump
                0x0000000000004832       0x64 .build/obj_ergodox_ez_default/common/avr/bootloader.o
                0x0000000000004832                bootloader_jump
 .text.magic    0x0000000000004896       0x32 .build/obj_ergodox_ez_default/common/magic.o
                0x0000000000004896                magic
 .text.move_unit
                0x00000000000048c8       0x94 .build/obj_ergodox_ez_default/common/mousekey.o
 .text.wheel_unit
                0x000000000000495c       0x72 .build/obj_ergodox_ez_default/common/mousekey.o
 .text.mousekey_on
                0x00000000000049ce       0xd0 .build/obj_ergodox_ez_default/common/mousekey.o
                0x00000000000049ce                mousekey_on
 .text.mousekey_off
                0x0000000000004a9e       0xfe .build/obj_ergodox_ez_default/common/mousekey.o
                0x0000000000004a9e                mousekey_off
 .text.mousekey_send
                0x0000000000004b9c       0x16 .build/obj_ergodox_ez_default/common/mousekey.o
                0x0000000000004b9c                mousekey_send
 .text.mousekey_task
                0x0000000000004bb2      0x12e .build/obj_ergodox_ez_default/common/mousekey.o
                0x0000000000004bb2                mousekey_task
 .text.mousekey_clear
                0x0000000000004ce0       0x18 .build/obj_ergodox_ez_default/common/mousekey.o
                0x0000000000004ce0                mousekey_clear
 .text.mousekey_param_inc
                0x0000000000004cf8       0xec .build/obj_ergodox_ez_default/common/command.o
 .text.mousekey_param_dec
                0x0000000000004de4       0xa0 .build/obj_ergodox_ez_default/common/command.o
 .text.switch_default_layer
                0x0000000000004e84       0x2e .build/obj_ergodox_ez_default/common/command.o
 .text.command_common
                0x0000000000004eb2       0xd8 .build/obj_ergodox_ez_default/common/command.o
 .text.command_extra
                0x0000000000004f8a        0x4 .build/obj_ergodox_ez_default/common/command.o
                0x0000000000004f8a                command_extra
 .text.command_console_extra
                0x0000000000004f8e        0x4 .build/obj_ergodox_ez_default/common/command.o
                0x0000000000004f8e                command_console_extra
 .text.numkey2num
                0x0000000000004f92       0x16 .build/obj_ergodox_ez_default/common/command.o
                0x0000000000004f92                numkey2num
 .text.command_proc
                0x0000000000004fa8      0x120 .build/obj_ergodox_ez_default/common/command.o
                0x0000000000004fa8                command_proc
 .text.keyboard_leds
                0x00000000000050c8        0x6 .build/obj_ergodox_ez_default/lufa.o
 .text.send_consumer
                0x00000000000050ce       0x76 .build/obj_ergodox_ez_default/lufa.o
 .text.send_system
                0x0000000000005144       0x6c .build/obj_ergodox_ez_default/lufa.o
 .text.send_mouse
                0x00000000000051b0       0x56 .build/obj_ergodox_ez_default/lufa.o
 .text.send_keyboard
                0x0000000000005206       0x8c .build/obj_ergodox_ez_default/lufa.o
 .text.EVENT_USB_Device_Connect
                0x0000000000005292       0x1c .build/obj_ergodox_ez_default/lufa.o
                0x0000000000005292                EVENT_USB_Device_Connect
 .text.EVENT_USB_Device_Disconnect
                0x00000000000052ae        0x6 .build/obj_ergodox_ez_default/lufa.o
                0x00000000000052ae                EVENT_USB_Device_Disconnect
 .text.EVENT_USB_Device_Reset
                0x00000000000052b4        0x2 .build/obj_ergodox_ez_default/lufa.o
                0x00000000000052b4                EVENT_USB_Device_Reset
 .text.EVENT_USB_Device_Suspend
                0x00000000000052b6        0x2 .build/obj_ergodox_ez_default/lufa.o
                0x00000000000052b6                EVENT_USB_Device_Suspend
 .text.EVENT_USB_Device_WakeUp
                0x00000000000052b8        0x4 .build/obj_ergodox_ez_default/lufa.o
                0x00000000000052b8                EVENT_USB_Device_WakeUp
 .text.EVENT_USB_Device_ConfigurationChanged
                0x00000000000052bc       0x14 .build/obj_ergodox_ez_default/lufa.o
                0x00000000000052bc                EVENT_USB_Device_ConfigurationChanged
 .text.EVENT_USB_Device_ControlRequest
                0x00000000000052d0      0x16e .build/obj_ergodox_ez_default/lufa.o
                0x00000000000052d0                EVENT_USB_Device_ControlRequest
 .text.startup.main
                0x000000000000543e       0x7a .build/obj_ergodox_ez_default/lufa.o
                0x000000000000543e                main
 .text.CALLBACK_USB_GetDescriptor
                0x00000000000054b8        0x4 .build/obj_ergodox_ez_default/lufa.o
                0x00000000000054b8                CALLBACK_USB_GetDescriptor
 .text.get_usb_descriptor
                0x00000000000054bc       0xbc .build/obj_ergodox_ez_default/usb_descriptor.o
                0x00000000000054bc                get_usb_descriptor
 .text.set_output_user
                0x0000000000005578        0x2 .build/obj_ergodox_ez_default/outputselect.o
                0x0000000000005578                set_output_user
 .text.set_output
                0x000000000000557a       0x10 .build/obj_ergodox_ez_default/outputselect.o
                0x000000000000557a                set_output
 .text.auto_detect_output
                0x000000000000558a       0x10 .build/obj_ergodox_ez_default/outputselect.o
                0x000000000000558a                auto_detect_output
 .text.where_to_send
                0x000000000000559a        0xe .build/obj_ergodox_ez_default/outputselect.o
                0x000000000000559a                where_to_send
 .text.USB_Device_SendRemoteWakeup
                0x00000000000055a8       0x2c .build/obj_ergodox_ez_default/lib/lufa/LUFA/Drivers/USB/Core/AVR8/Device_AVR8.o
                0x00000000000055a8                USB_Device_SendRemoteWakeup
 .text.Endpoint_Write_Stream_LE
                0x00000000000055d4       0x9e .build/obj_ergodox_ez_default/lib/lufa/LUFA/Drivers/USB/Core/AVR8/EndpointStream_AVR8.o
                0x00000000000055d4                Endpoint_Write_Stream_LE
 .text.Endpoint_Write_Control_Stream_LE
                0x0000000000005672       0xbc .build/obj_ergodox_ez_default/lib/lufa/LUFA/Drivers/USB/Core/AVR8/EndpointStream_AVR8.o
                0x0000000000005672                Endpoint_Write_Control_Stream_LE
 .text.Endpoint_Write_Control_PStream_LE
                0x000000000000572e       0xbe .build/obj_ergodox_ez_default/lib/lufa/LUFA/Drivers/USB/Core/AVR8/EndpointStream_AVR8.o
                0x000000000000572e                Endpoint_Write_Control_PStream_LE
 .text.Endpoint_ConfigureEndpoint_Prv
                0x00000000000057ec       0x68 .build/obj_ergodox_ez_default/lib/lufa/LUFA/Drivers/USB/Core/AVR8/Endpoint_AVR8.o
                0x00000000000057ec                Endpoint_ConfigureEndpoint_Prv
 .text.Endpoint_ClearStatusStage
                0x0000000000005854       0x3e .build/obj_ergodox_ez_default/lib/lufa/LUFA/Drivers/USB/Core/AVR8/Endpoint_AVR8.o
                0x0000000000005854                Endpoint_ClearStatusStage
 .text.Endpoint_WaitUntilReady
                0x0000000000005892       0x62 .build/obj_ergodox_ez_default/lib/lufa/LUFA/Drivers/USB/Core/AVR8/Endpoint_AVR8.o
                0x0000000000005892                Endpoint_WaitUntilReady
 .text.USB_Disable
                0x00000000000058f4       0x34 .build/obj_ergodox_ez_default/lib/lufa/LUFA/Drivers/USB/Core/AVR8/USBController_AVR8.o
                0x00000000000058f4                USB_Disable
 .text.USB_ResetInterface
                0x0000000000005928       0x86 .build/obj_ergodox_ez_default/lib/lufa/LUFA/Drivers/USB/Core/AVR8/USBController_AVR8.o
                0x0000000000005928                USB_ResetInterface
 .text.USB_Init
                0x00000000000059ae       0x22 .build/obj_ergodox_ez_default/lib/lufa/LUFA/Drivers/USB/Core/AVR8/USBController_AVR8.o
                0x00000000000059ae                USB_Init
 .text.USB_INT_DisableAllInterrupts
                0x00000000000059d0       0x10 .build/obj_ergodox_ez_default/lib/lufa/LUFA/Drivers/USB/Core/AVR8/USBInterrupt_AVR8.o
                0x00000000000059d0                USB_INT_DisableAllInterrupts
 .text.USB_INT_ClearAllInterrupts
                0x00000000000059e0        0xa .build/obj_ergodox_ez_default/lib/lufa/LUFA/Drivers/USB/Core/AVR8/USBInterrupt_AVR8.o
                0x00000000000059e0                USB_INT_ClearAllInterrupts
 .text.__vector_10
                0x00000000000059ea      0x1a8 .build/obj_ergodox_ez_default/lib/lufa/LUFA/Drivers/USB/Core/AVR8/USBInterrupt_AVR8.o
                0x00000000000059ea                __vector_10
 .text.__vector_11
                0x0000000000005b92       0x88 .build/obj_ergodox_ez_default/lib/lufa/LUFA/Drivers/USB/Core/AVR8/USBInterrupt_AVR8.o
                0x0000000000005b92                __vector_11
 .text.USB_Device_ProcessControlRequest
                0x0000000000005c1a      0x2a4 .build/obj_ergodox_ez_default/lib/lufa/LUFA/Drivers/USB/Core/DeviceStandardReq.o
                0x0000000000005c1a                USB_Device_ProcessControlRequest
 .text.USB_Event_Stub
                0x0000000000005ebe        0x2 .build/obj_ergodox_ez_default/lib/lufa/LUFA/Drivers/USB/Core/Events.o
                0x0000000000005ebe                USB_Event_Stub
                0x0000000000005ebe                EVENT_USB_Device_StartOfFrame
 .text.USB_USBTask
                0x0000000000005ec0       0x36 .build/obj_ergodox_ez_default/lib/lufa/LUFA/Drivers/USB/Core/USBTask.o
                0x0000000000005ec0                USB_USBTask
 .text.libgcc.div
                0x0000000000005ef6       0x28 /usr/local/Cellar/avr-gcc/8.3.0/lib/avr-gcc/8/gcc/avr/8.3.0/avr5/libgcc.a(_udivmodhi4.o)
                0x0000000000005ef6                __udivmodhi4
 .text.libgcc.div
                0x0000000000005f1e       0x28 /usr/local/Cellar/avr-gcc/8.3.0/lib/avr-gcc/8/gcc/avr/8.3.0/avr5/libgcc.a(_divmodhi4.o)
                0x0000000000005f1e                __divmodhi4
                0x0000000000005f1e                _div
 .text.libgcc   0x0000000000005f46        0xc /usr/local/Cellar/avr-gcc/8.3.0/lib/avr-gcc/8/gcc/avr/8.3.0/avr5/libgcc.a(_tablejump2.o)
                0x0000000000005f46                __tablejump2__
 .text.avr-libc
                0x0000000000005f52      0x256 /usr/local/Cellar/avr-gcc/8.3.0/lib/avr-gcc/8/gcc/avr/8.3.0/../../../../../../avr/lib/avr5/libc.a(malloc.o)
                0x0000000000005f52                malloc
                0x0000000000006086                free
 .text.avr-libc
                0x00000000000061a8       0x1a /usr/local/Cellar/avr-gcc/8.3.0/lib/avr-gcc/8/gcc/avr/8.3.0/../../../../../../avr/lib/avr5/libc.a(memchr.o)
                0x00000000000061a8                memchr
 .text.avr-libc
                0x00000000000061c2       0x10 /usr/local/Cellar/avr-gcc/8.3.0/lib/avr-gcc/8/gcc/avr/8.3.0/../../../../../../avr/lib/avr5/libatmega32u4.a(eerd_byte.o)
                0x00000000000061c2                eeprom_read_byte
 .text.avr-libc
                0x00000000000061d2        0xc /usr/local/Cellar/avr-gcc/8.3.0/lib/avr-gcc/8/gcc/avr/8.3.0/../../../../../../avr/lib/avr5/libatmega32u4.a(eerd_dword.o)
                0x00000000000061d2                eeprom_read_dword
                0x00000000000061d2                eeprom_read_float
 .text.avr-libc
                0x00000000000061de        0xc /usr/local/Cellar/avr-gcc/8.3.0/lib/avr-gcc/8/gcc/avr/8.3.0/../../../../../../avr/lib/avr5/libatmega32u4.a(eerd_word.o)
                0x00000000000061de                eeprom_read_word
 .text.avr-libc
                0x00000000000061ea       0x24 /usr/local/Cellar/avr-gcc/8.3.0/lib/avr-gcc/8/gcc/avr/8.3.0/../../../../../../avr/lib/avr5/libatmega32u4.a(eeupd_byte.o)
                0x00000000000061ea                eeprom_update_byte
                0x00000000000061ec                eeprom_update_r18
 .text.avr-libc
                0x000000000000620e       0x18 /usr/local/Cellar/avr-gcc/8.3.0/lib/avr-gcc/8/gcc/avr/8.3.0/../../../../../../avr/lib/avr5/libatmega32u4.a(eeupd_dword.o)
                0x000000000000620e                eeprom_update_dword
                0x000000000000620e                eeprom_update_float
 .text.avr-libc
                0x0000000000006226        0xc /usr/local/Cellar/avr-gcc/8.3.0/lib/avr-gcc/8/gcc/avr/8.3.0/../../../../../../avr/lib/avr5/libatmega32u4.a(eeupd_word.o)
                0x0000000000006226                eeprom_update_word
 .text.avr-libc
                0x0000000000006232       0x20 /usr/local/Cellar/avr-gcc/8.3.0/lib/avr-gcc/8/gcc/avr/8.3.0/../../../../../../avr/lib/avr5/libatmega32u4.a(eerd_block.o)
                0x0000000000006232                eeprom_read_block
                0x0000000000006236                eeprom_read_blraw
                0x0000000000006252                . = ALIGN (0x2)
 *(.fini9)
 .fini9         0x0000000000006252        0x0 /usr/local/Cellar/avr-gcc/8.3.0/lib/avr-gcc/8/gcc/avr/8.3.0/avr5/libgcc.a(_exit.o)
                0x0000000000006252                exit
                0x0000000000006252                _exit
 *(.fini9)
 *(.fini8)
 *(.fini8)
 *(.fini7)
 *(.fini7)
 *(.fini6)
 *(.fini6)
 *(.fini5)
 *(.fini5)
 *(.fini4)
 *(.fini4)
 *(.fini3)
 *(.fini3)
 *(.fini2)
 *(.fini2)
 *(.fini1)
 *(.fini1)
 *(.fini0)
 .fini0         0x0000000000006252        0x4 /usr/local/Cellar/avr-gcc/8.3.0/lib/avr-gcc/8/gcc/avr/8.3.0/avr5/libgcc.a(_exit.o)
 *(.fini0)
 *(.hightext)
 *(.hightext*)
 *(.progmemx.*)
                0x0000000000006256                . = ALIGN (0x2)
 *(.jumptables)
 *(.jumptables*)
 .jumptables.gcc.layer_state_set_user
                0x0000000000006256       0x10 .build/obj_ergodox_ez_default/keyboards/ergodox_ez/keymaps/default/keymap.o
 .jumptables.gcc.process_record_quantum
                0x0000000000006266       0x24 .build/obj_ergodox_ez_default/quantum/quantum.o
 .jumptables.gcc.process_action
                0x000000000000628a       0x4a .build/obj_ergodox_ez_default/common/action.o
 .jumptables.gcc.is_tap_action
                0x00000000000062d4       0x1c .build/obj_ergodox_ez_default/common/action.o
 .jumptables.gcc.command_common
                0x00000000000062f0       0x7e .build/obj_ergodox_ez_default/common/command.o
 .jumptables.gcc.USB_Device_ProcessControlRequest
                0x000000000000636e       0x14 .build/obj_ergodox_ez_default/lib/lufa/LUFA/Drivers/USB/Core/DeviceStandardReq.o
                0x0000000000006382                _etext = .

.data           0x0000000000800100      0x100 load address 0x0000000000006382
                0x0000000000800100                PROVIDE (__data_start = .)
 *(.data)
 .data          0x0000000000800100        0x6 /usr/local/Cellar/avr-gcc/8.3.0/lib/avr-gcc/8/gcc/avr/8.3.0/../../../../../../avr/lib/avr5/libc.a(malloc.o)
                0x0000000000800100                __malloc_heap_end
                0x0000000000800102                __malloc_heap_start
                0x0000000000800104                __malloc_margin
 *(.data*)
 .data.mcp23018_status
                0x0000000000800106        0x2 .build/obj_ergodox_ez_default/keyboards/ergodox_ez/ergodox_ez.o
                0x0000000000800106                mcp23018_status
 .data.increment.3178
                0x0000000000800108        0x1 .build/obj_ergodox_ez_default/quantum/rgblight.o
 .data.high_bound.3177
                0x0000000000800109        0x1 .build/obj_ergodox_ez_default/quantum/rgblight.o
 .data.clipping_num_leds
                0x000000000080010a        0x1 .build/obj_ergodox_ez_default/quantum/rgblight.o
 .data.static_effect_table
                0x000000000080010b        0xb .build/obj_ergodox_ez_default/quantum/rgblight.o
 .data.keyboard_report
                0x0000000000800116        0x2 .build/obj_ergodox_ez_default/common/action_util.o
                0x0000000000800116                keyboard_report
 .data.mk_wheel_time_to_max
                0x0000000000800118        0x1 .build/obj_ergodox_ez_default/common/mousekey.o
                0x0000000000800118                mk_wheel_time_to_max
 .data.mk_wheel_max_speed
                0x0000000000800119        0x1 .build/obj_ergodox_ez_default/common/mousekey.o
                0x0000000000800119                mk_wheel_max_speed
 .data.mk_time_to_max
                0x000000000080011a        0x1 .build/obj_ergodox_ez_default/common/mousekey.o
                0x000000000080011a                mk_time_to_max
 .data.mk_max_speed
                0x000000000080011b        0x1 .build/obj_ergodox_ez_default/common/mousekey.o
                0x000000000080011b                mk_max_speed
 .data.mk_interval
                0x000000000080011c        0x1 .build/obj_ergodox_ez_default/common/mousekey.o
                0x000000000080011c                mk_interval
 .data.lufa_driver
                0x000000000080011d        0xa .build/obj_ergodox_ez_default/lufa.o
                0x000000000080011d                lufa_driver
 .data.keyboard_protocol
                0x0000000000800127        0x1 .build/obj_ergodox_ez_default/lufa.o
                0x0000000000800127                keyboard_protocol
 *(.gnu.linkonce.d*)
 *(.rodata)
 *(.rodata*)
 .rodata.hand_swap_config
                0x0000000000800128       0xa8 .build/obj_ergodox_ez_default/keyboards/ergodox_ez/ergodox_ez.o
                0x0000000000800128                hand_swap_config
 .rodata.mode_base_table
                0x00000000008001d0       0x25 .build/obj_ergodox_ez_default/quantum/rgblight.o
 .rodata.CSWTCH.34
                0x00000000008001f5        0xa .build/obj_ergodox_ez_default/common/command.o
 *(.gnu.linkonce.r*)
                0x0000000000800200                . = ALIGN (0x2)
 *fill*         0x00000000008001ff        0x1 
                0x0000000000800200                _edata = .
                0x0000000000800200                PROVIDE (__data_end = .)

.bss            0x0000000000800200      0x185
                0x0000000000800200                PROVIDE (__bss_start = .)
 *(.bss)
 *(.bss*)
 .bss.mcp23018_reset_loop
                0x0000000000800200        0x1 .build/obj_ergodox_ez_default/matrix.o
 .bss.matrix    0x0000000000800201        0xe .build/obj_ergodox_ez_default/matrix.o
 .bss.raw_matrix
                0x000000000080020f        0xe .build/obj_ergodox_ez_default/matrix.o
 .bss.i2c_initialized
                0x000000000080021d        0x1 .build/obj_ergodox_ez_default/keyboards/ergodox_ez/ergodox_ez.o
                0x000000000080021d                i2c_initialized
 .bss.grave_esc_was_shifted
                0x000000000080021e        0x1 .build/obj_ergodox_ez_default/quantum/quantum.o
 .bss.counters_need_update
                0x000000000080021f        0x1 .build/obj_ergodox_ez_default/quantum/debounce/eager_pr.o
 .bss.debounce_counters
                0x0000000000800220        0x2 .build/obj_ergodox_ez_default/quantum/debounce/eager_pr.o
 .bss.maxval.3199
                0x0000000000800222        0x1 .build/obj_ergodox_ez_default/quantum/rgblight.o
 .bss.low_bound.3176
                0x0000000000800223        0x1 .build/obj_ergodox_ez_default/quantum/rgblight.o
 .bss.pos.3161  0x0000000000800224        0x1 .build/obj_ergodox_ez_default/quantum/rgblight.o
 .bss.clipping_start_pos
                0x0000000000800225        0x1 .build/obj_ergodox_ez_default/quantum/rgblight.o
 .bss.animation_status
                0x0000000000800226        0x6 .build/obj_ergodox_ez_default/quantum/rgblight.o
                0x0000000000800226                animation_status
 .bss.is_rgblight_initialized
                0x000000000080022c        0x1 .build/obj_ergodox_ez_default/quantum/rgblight.o
                0x000000000080022c                is_rgblight_initialized
 .bss.rgblight_status
                0x000000000080022d        0x2 .build/obj_ergodox_ez_default/quantum/rgblight.o
                0x000000000080022d                rgblight_status
 .bss.sc_timer  0x000000000080022f        0x2 .build/obj_ergodox_ez_default/quantum/process_keycode/process_space_cadet.o
 .bss.sc_last   0x0000000000800231        0x1 .build/obj_ergodox_ez_default/quantum/process_keycode/process_space_cadet.o
 .bss.last_consumer_report
                0x0000000000800232        0x2 .build/obj_ergodox_ez_default/common/host.o
 .bss.last_system_report
                0x0000000000800234        0x2 .build/obj_ergodox_ez_default/common/host.o
 .bss.driver    0x0000000000800236        0x2 .build/obj_ergodox_ez_default/common/host.o
 .bss.led_status.5638
                0x0000000000800238        0x1 .build/obj_ergodox_ez_default/common/keyboard.o
 .bss.matrix_prev.5637
                0x0000000000800239        0xe .build/obj_ergodox_ez_default/common/keyboard.o
 .bss.swap_state.4990
                0x0000000000800247        0xe .build/obj_ergodox_ez_default/common/action.o
 .bss.disable_action_cache
                0x0000000000800255        0x1 .build/obj_ergodox_ez_default/common/action.o
                0x0000000000800255                disable_action_cache
 .bss.swap_held
                0x0000000000800256        0x1 .build/obj_ergodox_ez_default/common/action.o
                0x0000000000800256                swap_held
 .bss.swap_hands
                0x0000000000800257        0x1 .build/obj_ergodox_ez_default/common/action.o
                0x0000000000800257                swap_hands
 .bss.waiting_buffer_tail
                0x0000000000800258        0x1 .build/obj_ergodox_ez_default/common/action_tapping.o
 .bss.waiting_buffer_head
                0x0000000000800259        0x1 .build/obj_ergodox_ez_default/common/action_tapping.o
 .bss.waiting_buffer
                0x000000000080025a       0x30 .build/obj_ergodox_ez_default/common/action_tapping.o
 .bss.tapping_key
                0x000000000080028a        0x6 .build/obj_ergodox_ez_default/common/action_tapping.o
 .bss.source_layers_cache
                0x0000000000800290       0x37 .build/obj_ergodox_ez_default/common/action_layer.o
                0x0000000000800290                source_layers_cache
 .bss.layer_state
                0x00000000008002c7        0x4 .build/obj_ergodox_ez_default/common/action_layer.o
                0x00000000008002c7                layer_state
 .bss.default_layer_state
                0x00000000008002cb        0x4 .build/obj_ergodox_ez_default/common/action_layer.o
                0x00000000008002cb                default_layer_state
 .bss.oneshot_layer_data
                0x00000000008002cf        0x1 .build/obj_ergodox_ez_default/common/action_util.o
 .bss.oneshot_mods
                0x00000000008002d0        0x1 .build/obj_ergodox_ez_default/common/action_util.o
 .bss.__compound_literal.0
                0x00000000008002d1       0x20 .build/obj_ergodox_ez_default/common/action_util.o
 .bss.macro_mods
                0x00000000008002f1        0x1 .build/obj_ergodox_ez_default/common/action_util.o
 .bss.weak_mods
                0x00000000008002f2        0x1 .build/obj_ergodox_ez_default/common/action_util.o
 .bss.real_mods
                0x00000000008002f3        0x1 .build/obj_ergodox_ez_default/common/action_util.o
 .bss.debug_config
                0x00000000008002f4        0x1 .build/obj_ergodox_ez_default/common/debug.o
                0x00000000008002f4                debug_config
 .bss.wdt_timeout
                0x00000000008002f5        0x1 .build/obj_ergodox_ez_default/common/avr/suspend.o
 .bss.mk_delay  0x00000000008002f6        0x1 .build/obj_ergodox_ez_default/common/mousekey.o
                0x00000000008002f6                mk_delay
 .bss.last_timer
                0x00000000008002f7        0x2 .build/obj_ergodox_ez_default/common/mousekey.o
 .bss.mousekey_repeat
                0x00000000008002f9        0x1 .build/obj_ergodox_ez_default/common/mousekey.o
 .bss.mousekey_accel
                0x00000000008002fa        0x1 .build/obj_ergodox_ez_default/common/mousekey.o
 .bss.mouse_report
                0x00000000008002fb        0x6 .build/obj_ergodox_ez_default/common/mousekey.o
 .bss.mousekey_param
                0x0000000000800301        0x1 .build/obj_ergodox_ez_default/common/command.o
 .bss.command_state
                0x0000000000800302        0x1 .build/obj_ergodox_ez_default/common/command.o
                0x0000000000800302                command_state
 .bss.keyboard_report_sent
                0x0000000000800303       0x20 .build/obj_ergodox_ez_default/lufa.o
 .bss.keyboard_led_stats
                0x0000000000800323        0x1 .build/obj_ergodox_ez_default/lufa.o
 .bss.keyboard_idle
                0x0000000000800324        0x1 .build/obj_ergodox_ez_default/lufa.o
                0x0000000000800324                keyboard_idle
 .bss.desired_output
                0x0000000000800325        0x1 .build/obj_ergodox_ez_default/outputselect.o
                0x0000000000800325                desired_output
 *(COMMON)
 COMMON         0x0000000000800326        0x5 .build/obj_ergodox_ez_default/quantum/process_keycode/process_unicode_common.o
                0x0000000000800326                unicode_config
                0x000000000080032a                unicode_saved_mods
 COMMON         0x000000000080032b       0x41 .build/obj_ergodox_ez_default/quantum/rgblight.o
                0x000000000080032b                rgblight_config
                0x0000000000800330                led
 COMMON         0x000000000080036c        0x2 .build/obj_ergodox_ez_default/common/action.o
                0x000000000080036c                tp_buttons
 COMMON         0x000000000080036e        0x4 .build/obj_ergodox_ez_default/common/avr/timer.o
                0x000000000080036e                timer_count
 COMMON         0x0000000000800372        0x2 .build/obj_ergodox_ez_default/common/magic.o
                0x0000000000800372                keymap_config
 COMMON         0x0000000000800374        0x3 .build/obj_ergodox_ez_default/lib/lufa/LUFA/Drivers/USB/Core/DeviceStandardReq.o
                0x0000000000800374                USB_Device_ConfigurationNumber
                0x0000000000800375                USB_Device_CurrentlySelfPowered
                0x0000000000800376                USB_Device_RemoteWakeupEnabled
 COMMON         0x0000000000800377        0xa .build/obj_ergodox_ez_default/lib/lufa/LUFA/Drivers/USB/Core/USBTask.o
                0x0000000000800377                USB_IsInitialized
                0x0000000000800378                USB_DeviceState
                0x0000000000800379                USB_ControlRequest
 COMMON         0x0000000000800381        0x4 /usr/local/Cellar/avr-gcc/8.3.0/lib/avr-gcc/8/gcc/avr/8.3.0/../../../../../../avr/lib/avr5/libc.a(malloc.o)
                0x0000000000800381                __brkval
                0x0000000000800383                __flp
                0x0000000000800385                PROVIDE (__bss_end = .)
                0x0000000000006382                __data_load_start = LOADADDR (.data)
                0x0000000000006482                __data_load_end = (__data_load_start + SIZEOF (.data))

.noinit         0x0000000000800385        0x0
                [!provide]                        PROVIDE (__noinit_start = .)
 *(.noinit*)
                [!provide]                        PROVIDE (__noinit_end = .)
                0x0000000000800385                _end = .
                0x0000000000800385                PROVIDE (__heap_start = .)

.eeprom         0x0000000000810000        0x0
 *(.eeprom*)
                0x0000000000810000                __eeprom_end = .

.fuse
 *(.fuse)
 *(.lfuse)
 *(.hfuse)
 *(.efuse)

.lock
 *(.lock*)

.signature
 *(.signature*)

.stab
 *(.stab)

.stabstr        0x0000000000000000       0x9a
 *(.stabstr)
 .stabstr       0x0000000000000000       0x9a .build/obj_ergodox_ez_default/common/avr/xprintf.o

.stab.excl
 *(.stab.excl)

.stab.exclstr
 *(.stab.exclstr)

.stab.index
 *(.stab.index)

.stab.indexstr
 *(.stab.indexstr)

.comment        0x0000000000000000       0x11
 *(.comment)
 .comment       0x0000000000000000       0x11 .build/obj_ergodox_ez_default/matrix.o
                                         0x12 (size before relaxing)
 .comment       0x0000000000000011       0x12 .build/obj_ergodox_ez_default/i2c_master.o
 .comment       0x0000000000000011       0x12 .build/obj_ergodox_ez_default/keyboards/ergodox_ez/ergodox_ez.o
 .comment       0x0000000000000011       0x12 .build/obj_ergodox_ez_default/keyboards/ergodox_ez/keymaps/default/keymap.o
 .comment       0x0000000000000011       0x12 .build/obj_ergodox_ez_default/quantum/quantum.o
 .comment       0x0000000000000011       0x12 .build/obj_ergodox_ez_default/quantum/keymap_common.o
 .comment       0x0000000000000011       0x12 .build/obj_ergodox_ez_default/quantum/keycode_config.o
 .comment       0x0000000000000011       0x12 .build/obj_ergodox_ez_default/quantum/debounce/eager_pr.o
 .comment       0x0000000000000011       0x12 .build/obj_ergodox_ez_default/quantum/process_keycode/process_unicode.o
 .comment       0x0000000000000011       0x12 .build/obj_ergodox_ez_default/quantum/process_keycode/process_unicode_common.o
 .comment       0x0000000000000011       0x12 .build/obj_ergodox_ez_default/quantum/color.o
 .comment       0x0000000000000011       0x12 .build/obj_ergodox_ez_default/quantum/rgblight.o
 .comment       0x0000000000000011       0x12 .build/obj_ergodox_ez_default/ws2812.o
 .comment       0x0000000000000011       0x12 .build/obj_ergodox_ez_default/quantum/led_tables.o
 .comment       0x0000000000000011       0x12 .build/obj_ergodox_ez_default/quantum/process_keycode/process_space_cadet.o
 .comment       0x0000000000000011       0x12 .build/obj_ergodox_ez_default/common/host.o
 .comment       0x0000000000000011       0x12 .build/obj_ergodox_ez_default/common/keyboard.o
 .comment       0x0000000000000011       0x12 .build/obj_ergodox_ez_default/common/action.o
 .comment       0x0000000000000011       0x12 .build/obj_ergodox_ez_default/common/action_tapping.o
 .comment       0x0000000000000011       0x12 .build/obj_ergodox_ez_default/common/action_macro.o
 .comment       0x0000000000000011       0x12 .build/obj_ergodox_ez_default/common/action_layer.o
 .comment       0x0000000000000011       0x12 .build/obj_ergodox_ez_default/common/action_util.o
 .comment       0x0000000000000011       0x12 .build/obj_ergodox_ez_default/common/debug.o
 .comment       0x0000000000000011       0x12 .build/obj_ergodox_ez_default/common/util.o
 .comment       0x0000000000000011       0x12 .build/obj_ergodox_ez_default/common/eeconfig.o
 .comment       0x0000000000000011       0x12 .build/obj_ergodox_ez_default/common/report.o
 .comment       0x0000000000000011       0x12 .build/obj_ergodox_ez_default/common/avr/suspend.o
 .comment       0x0000000000000011       0x12 .build/obj_ergodox_ez_default/common/avr/timer.o
 .comment       0x0000000000000011       0x12 .build/obj_ergodox_ez_default/common/avr/bootloader.o
 .comment       0x0000000000000011       0x12 .build/obj_ergodox_ez_default/common/magic.o
 .comment       0x0000000000000011       0x12 .build/obj_ergodox_ez_default/common/mousekey.o
 .comment       0x0000000000000011       0x12 .build/obj_ergodox_ez_default/common/command.o
 .comment       0x0000000000000011       0x12 .build/obj_ergodox_ez_default/lufa.o